../Inc/HALL/TFT/TFT_Prog.c:26:13:HTFT_Void_SendData	8	static
../Inc/HALL/TFT/TFT_Prog.c:19:13:HTFT_Void_SendCommand	8	static
../Inc/HALL/TFT/TFT_Prog.c:34:6:HTFT_void_Init	8	static
../Inc/HALL/TFT/TFT_Prog.c:76:6:HTFT_void_DisplayImage	16	static
../Inc/HALL/TFT/TFT_Prog.c:110:6:HTFT_void_DisplayImageInLocation	16	static
../Inc/HALL/TFT/TFT_Prog.c:141:6:HTFT_void_DisplayColorInLocation	24	static
../Inc/HALL/TFT/TFT_Prog.c:175:6:HTFT_void_DisplayHorizontalLine	32	static
../Inc/HALL/TFT/TFT_Prog.c:206:6:HTFT_void_DisplayLine	48	static
