Archive member included to satisfy reference by file (symbol)

c:/st/stm32cubeide_1.10.1/stm32cubeide/plugins/com.st.stm32cube.ide.mcu.externaltools.gnu-tools-for-stm32.10.3-2021.10.win32_1.0.0.202111181127/tools/bin/../lib/gcc/arm-none-eabi/10.3.1/../../../../arm-none-eabi/lib/thumb/v7e-m+fp/hard\libc_nano.a(lib_a-errno.o)
                              ./Src/syscalls.o (__errno)
c:/st/stm32cubeide_1.10.1/stm32cubeide/plugins/com.st.stm32cube.ide.mcu.externaltools.gnu-tools-for-stm32.10.3-2021.10.win32_1.0.0.202111181127/tools/bin/../lib/gcc/arm-none-eabi/10.3.1/../../../../arm-none-eabi/lib/thumb/v7e-m+fp/hard\libc_nano.a(lib_a-exit.o)
                              c:/st/stm32cubeide_1.10.1/stm32cubeide/plugins/com.st.stm32cube.ide.mcu.externaltools.gnu-tools-for-stm32.10.3-2021.10.win32_1.0.0.202111181127/tools/bin/../lib/gcc/arm-none-eabi/10.3.1/../../../../arm-none-eabi/lib/thumb/v7e-m+fp/hard/crt0.o (exit)
c:/st/stm32cubeide_1.10.1/stm32cubeide/plugins/com.st.stm32cube.ide.mcu.externaltools.gnu-tools-for-stm32.10.3-2021.10.win32_1.0.0.202111181127/tools/bin/../lib/gcc/arm-none-eabi/10.3.1/../../../../arm-none-eabi/lib/thumb/v7e-m+fp/hard\libc_nano.a(lib_a-impure.o)
                              c:/st/stm32cubeide_1.10.1/stm32cubeide/plugins/com.st.stm32cube.ide.mcu.externaltools.gnu-tools-for-stm32.10.3-2021.10.win32_1.0.0.202111181127/tools/bin/../lib/gcc/arm-none-eabi/10.3.1/../../../../arm-none-eabi/lib/thumb/v7e-m+fp/hard\libc_nano.a(lib_a-exit.o) (_global_impure_ptr)
c:/st/stm32cubeide_1.10.1/stm32cubeide/plugins/com.st.stm32cube.ide.mcu.externaltools.gnu-tools-for-stm32.10.3-2021.10.win32_1.0.0.202111181127/tools/bin/../lib/gcc/arm-none-eabi/10.3.1/../../../../arm-none-eabi/lib/thumb/v7e-m+fp/hard\libc_nano.a(lib_a-init.o)
                              c:/st/stm32cubeide_1.10.1/stm32cubeide/plugins/com.st.stm32cube.ide.mcu.externaltools.gnu-tools-for-stm32.10.3-2021.10.win32_1.0.0.202111181127/tools/bin/../lib/gcc/arm-none-eabi/10.3.1/../../../../arm-none-eabi/lib/thumb/v7e-m+fp/hard/crt0.o (__libc_init_array)
c:/st/stm32cubeide_1.10.1/stm32cubeide/plugins/com.st.stm32cube.ide.mcu.externaltools.gnu-tools-for-stm32.10.3-2021.10.win32_1.0.0.202111181127/tools/bin/../lib/gcc/arm-none-eabi/10.3.1/../../../../arm-none-eabi/lib/thumb/v7e-m+fp/hard\libc_nano.a(lib_a-memset.o)
                              c:/st/stm32cubeide_1.10.1/stm32cubeide/plugins/com.st.stm32cube.ide.mcu.externaltools.gnu-tools-for-stm32.10.3-2021.10.win32_1.0.0.202111181127/tools/bin/../lib/gcc/arm-none-eabi/10.3.1/../../../../arm-none-eabi/lib/thumb/v7e-m+fp/hard/crt0.o (memset)
c:/st/stm32cubeide_1.10.1/stm32cubeide/plugins/com.st.stm32cube.ide.mcu.externaltools.gnu-tools-for-stm32.10.3-2021.10.win32_1.0.0.202111181127/tools/bin/../lib/gcc/arm-none-eabi/10.3.1/thumb/v7e-m+fp/hard\libgcc.a(_arm_muldf3.o)
                              ./Inc/HALL/TFT/TFT_Prog.o (__aeabi_dmul)
c:/st/stm32cubeide_1.10.1/stm32cubeide/plugins/com.st.stm32cube.ide.mcu.externaltools.gnu-tools-for-stm32.10.3-2021.10.win32_1.0.0.202111181127/tools/bin/../lib/gcc/arm-none-eabi/10.3.1/thumb/v7e-m+fp/hard\libgcc.a(_arm_addsubdf3.o)
                              ./Inc/HALL/TFT/TFT_Prog.o (__aeabi_dadd)
c:/st/stm32cubeide_1.10.1/stm32cubeide/plugins/com.st.stm32cube.ide.mcu.externaltools.gnu-tools-for-stm32.10.3-2021.10.win32_1.0.0.202111181127/tools/bin/../lib/gcc/arm-none-eabi/10.3.1/thumb/v7e-m+fp/hard\libgcc.a(_arm_muldivdf3.o)
                              ./Inc/HALL/TFT/TFT_Prog.o (__aeabi_ddiv)
c:/st/stm32cubeide_1.10.1/stm32cubeide/plugins/com.st.stm32cube.ide.mcu.externaltools.gnu-tools-for-stm32.10.3-2021.10.win32_1.0.0.202111181127/tools/bin/../lib/gcc/arm-none-eabi/10.3.1/thumb/v7e-m+fp/hard\libgcc.a(_arm_fixunsdfsi.o)
                              ./Inc/HALL/TFT/TFT_Prog.o (__aeabi_d2uiz)
c:/st/stm32cubeide_1.10.1/stm32cubeide/plugins/com.st.stm32cube.ide.mcu.externaltools.gnu-tools-for-stm32.10.3-2021.10.win32_1.0.0.202111181127/tools/bin/../lib/gcc/arm-none-eabi/10.3.1/thumb/v7e-m+fp/hard\libgcc.a(_aeabi_uldivmod.o)
                              ./Inc/HALL/LCD/LCD_prog.o (__aeabi_uldivmod)
c:/st/stm32cubeide_1.10.1/stm32cubeide/plugins/com.st.stm32cube.ide.mcu.externaltools.gnu-tools-for-stm32.10.3-2021.10.win32_1.0.0.202111181127/tools/bin/../lib/gcc/arm-none-eabi/10.3.1/thumb/v7e-m+fp/hard\libgcc.a(_fixunssfdi.o)
                              ./Inc/HALL/LCD/LCD_prog.o (__aeabi_f2ulz)
c:/st/stm32cubeide_1.10.1/stm32cubeide/plugins/com.st.stm32cube.ide.mcu.externaltools.gnu-tools-for-stm32.10.3-2021.10.win32_1.0.0.202111181127/tools/bin/../lib/gcc/arm-none-eabi/10.3.1/thumb/v7e-m+fp/hard\libgcc.a(_udivmoddi4.o)
                              c:/st/stm32cubeide_1.10.1/stm32cubeide/plugins/com.st.stm32cube.ide.mcu.externaltools.gnu-tools-for-stm32.10.3-2021.10.win32_1.0.0.202111181127/tools/bin/../lib/gcc/arm-none-eabi/10.3.1/thumb/v7e-m+fp/hard\libgcc.a(_aeabi_uldivmod.o) (__udivmoddi4)
c:/st/stm32cubeide_1.10.1/stm32cubeide/plugins/com.st.stm32cube.ide.mcu.externaltools.gnu-tools-for-stm32.10.3-2021.10.win32_1.0.0.202111181127/tools/bin/../lib/gcc/arm-none-eabi/10.3.1/thumb/v7e-m+fp/hard\libgcc.a(_dvmd_tls.o)
                              c:/st/stm32cubeide_1.10.1/stm32cubeide/plugins/com.st.stm32cube.ide.mcu.externaltools.gnu-tools-for-stm32.10.3-2021.10.win32_1.0.0.202111181127/tools/bin/../lib/gcc/arm-none-eabi/10.3.1/thumb/v7e-m+fp/hard\libgcc.a(_aeabi_uldivmod.o) (__aeabi_ldiv0)

Discarded input sections

 .text          0x0000000000000000        0x0 c:/st/stm32cubeide_1.10.1/stm32cubeide/plugins/com.st.stm32cube.ide.mcu.externaltools.gnu-tools-for-stm32.10.3-2021.10.win32_1.0.0.202111181127/tools/bin/../lib/gcc/arm-none-eabi/10.3.1/thumb/v7e-m+fp/hard/crti.o
 .data          0x0000000000000000        0x0 c:/st/stm32cubeide_1.10.1/stm32cubeide/plugins/com.st.stm32cube.ide.mcu.externaltools.gnu-tools-for-stm32.10.3-2021.10.win32_1.0.0.202111181127/tools/bin/../lib/gcc/arm-none-eabi/10.3.1/thumb/v7e-m+fp/hard/crti.o
 .bss           0x0000000000000000        0x0 c:/st/stm32cubeide_1.10.1/stm32cubeide/plugins/com.st.stm32cube.ide.mcu.externaltools.gnu-tools-for-stm32.10.3-2021.10.win32_1.0.0.202111181127/tools/bin/../lib/gcc/arm-none-eabi/10.3.1/thumb/v7e-m+fp/hard/crti.o
 .data          0x0000000000000000        0x4 c:/st/stm32cubeide_1.10.1/stm32cubeide/plugins/com.st.stm32cube.ide.mcu.externaltools.gnu-tools-for-stm32.10.3-2021.10.win32_1.0.0.202111181127/tools/bin/../lib/gcc/arm-none-eabi/10.3.1/thumb/v7e-m+fp/hard/crtbegin.o
 .rodata        0x0000000000000000       0x24 c:/st/stm32cubeide_1.10.1/stm32cubeide/plugins/com.st.stm32cube.ide.mcu.externaltools.gnu-tools-for-stm32.10.3-2021.10.win32_1.0.0.202111181127/tools/bin/../lib/gcc/arm-none-eabi/10.3.1/thumb/v7e-m+fp/hard/crtbegin.o
 .text          0x0000000000000000       0x7c c:/st/stm32cubeide_1.10.1/stm32cubeide/plugins/com.st.stm32cube.ide.mcu.externaltools.gnu-tools-for-stm32.10.3-2021.10.win32_1.0.0.202111181127/tools/bin/../lib/gcc/arm-none-eabi/10.3.1/../../../../arm-none-eabi/lib/thumb/v7e-m+fp/hard/crt0.o
 .data          0x0000000000000000        0x0 c:/st/stm32cubeide_1.10.1/stm32cubeide/plugins/com.st.stm32cube.ide.mcu.externaltools.gnu-tools-for-stm32.10.3-2021.10.win32_1.0.0.202111181127/tools/bin/../lib/gcc/arm-none-eabi/10.3.1/../../../../arm-none-eabi/lib/thumb/v7e-m+fp/hard/crt0.o
 .bss           0x0000000000000000        0x0 c:/st/stm32cubeide_1.10.1/stm32cubeide/plugins/com.st.stm32cube.ide.mcu.externaltools.gnu-tools-for-stm32.10.3-2021.10.win32_1.0.0.202111181127/tools/bin/../lib/gcc/arm-none-eabi/10.3.1/../../../../arm-none-eabi/lib/thumb/v7e-m+fp/hard/crt0.o
 .ARM.extab     0x0000000000000000        0x0 c:/st/stm32cubeide_1.10.1/stm32cubeide/plugins/com.st.stm32cube.ide.mcu.externaltools.gnu-tools-for-stm32.10.3-2021.10.win32_1.0.0.202111181127/tools/bin/../lib/gcc/arm-none-eabi/10.3.1/../../../../arm-none-eabi/lib/thumb/v7e-m+fp/hard/crt0.o
 .ARM.exidx     0x0000000000000000       0x10 c:/st/stm32cubeide_1.10.1/stm32cubeide/plugins/com.st.stm32cube.ide.mcu.externaltools.gnu-tools-for-stm32.10.3-2021.10.win32_1.0.0.202111181127/tools/bin/../lib/gcc/arm-none-eabi/10.3.1/../../../../arm-none-eabi/lib/thumb/v7e-m+fp/hard/crt0.o
 .ARM.attributes
                0x0000000000000000       0x1c c:/st/stm32cubeide_1.10.1/stm32cubeide/plugins/com.st.stm32cube.ide.mcu.externaltools.gnu-tools-for-stm32.10.3-2021.10.win32_1.0.0.202111181127/tools/bin/../lib/gcc/arm-none-eabi/10.3.1/../../../../arm-none-eabi/lib/thumb/v7e-m+fp/hard/crt0.o
 .group         0x0000000000000000        0xc ./Inc/HALL/Keypad/Keypad_Prog.o
 .group         0x0000000000000000        0xc ./Inc/HALL/Keypad/Keypad_Prog.o
 .group         0x0000000000000000        0xc ./Inc/HALL/Keypad/Keypad_Prog.o
 .group         0x0000000000000000        0xc ./Inc/HALL/Keypad/Keypad_Prog.o
 .group         0x0000000000000000        0xc ./Inc/HALL/Keypad/Keypad_Prog.o
 .group         0x0000000000000000        0xc ./Inc/HALL/Keypad/Keypad_Prog.o
 .group         0x0000000000000000        0xc ./Inc/HALL/Keypad/Keypad_Prog.o
 .text          0x0000000000000000        0x0 ./Inc/HALL/Keypad/Keypad_Prog.o
 .data          0x0000000000000000        0x0 ./Inc/HALL/Keypad/Keypad_Prog.o
 .bss           0x0000000000000000        0x0 ./Inc/HALL/Keypad/Keypad_Prog.o
 .rodata        0x0000000000000000       0x14 ./Inc/HALL/Keypad/Keypad_Prog.o
 .text.H_KEYPAD_void_Init
                0x0000000000000000      0x134 ./Inc/HALL/Keypad/Keypad_Prog.o
 .text.H_KEYPAD_u8_GetPressedKey
                0x0000000000000000      0x150 ./Inc/HALL/Keypad/Keypad_Prog.o
 .debug_info    0x0000000000000000      0x28f ./Inc/HALL/Keypad/Keypad_Prog.o
 .debug_abbrev  0x0000000000000000       0xd9 ./Inc/HALL/Keypad/Keypad_Prog.o
 .debug_aranges
                0x0000000000000000       0x28 ./Inc/HALL/Keypad/Keypad_Prog.o
 .debug_ranges  0x0000000000000000       0x18 ./Inc/HALL/Keypad/Keypad_Prog.o
 .debug_macro   0x0000000000000000       0x61 ./Inc/HALL/Keypad/Keypad_Prog.o
 .debug_macro   0x0000000000000000      0xa7e ./Inc/HALL/Keypad/Keypad_Prog.o
 .debug_macro   0x0000000000000000       0x22 ./Inc/HALL/Keypad/Keypad_Prog.o
 .debug_macro   0x0000000000000000       0x22 ./Inc/HALL/Keypad/Keypad_Prog.o
 .debug_macro   0x0000000000000000      0x1d9 ./Inc/HALL/Keypad/Keypad_Prog.o
 .debug_macro   0x0000000000000000      0x148 ./Inc/HALL/Keypad/Keypad_Prog.o
 .debug_macro   0x0000000000000000       0x10 ./Inc/HALL/Keypad/Keypad_Prog.o
 .debug_macro   0x0000000000000000       0x3a ./Inc/HALL/Keypad/Keypad_Prog.o
 .debug_line    0x0000000000000000      0x2fb ./Inc/HALL/Keypad/Keypad_Prog.o
 .debug_str     0x0000000000000000     0x4598 ./Inc/HALL/Keypad/Keypad_Prog.o
 .comment       0x0000000000000000       0x51 ./Inc/HALL/Keypad/Keypad_Prog.o
 .debug_frame   0x0000000000000000       0x58 ./Inc/HALL/Keypad/Keypad_Prog.o
 .ARM.attributes
                0x0000000000000000       0x34 ./Inc/HALL/Keypad/Keypad_Prog.o
 .group         0x0000000000000000        0xc ./Inc/HALL/LCD/LCD_prog.o
 .group         0x0000000000000000        0xc ./Inc/HALL/LCD/LCD_prog.o
 .group         0x0000000000000000        0xc ./Inc/HALL/LCD/LCD_prog.o
 .group         0x0000000000000000        0xc ./Inc/HALL/LCD/LCD_prog.o
 .group         0x0000000000000000        0xc ./Inc/HALL/LCD/LCD_prog.o
 .group         0x0000000000000000        0xc ./Inc/HALL/LCD/LCD_prog.o
 .text          0x0000000000000000        0x0 ./Inc/HALL/LCD/LCD_prog.o
 .data          0x0000000000000000        0x0 ./Inc/HALL/LCD/LCD_prog.o
 .bss           0x0000000000000000        0x0 ./Inc/HALL/LCD/LCD_prog.o
 .text.LCD_enuInit
                0x0000000000000000      0x1a4 ./Inc/HALL/LCD/LCD_prog.o
 .text.LCD_enuSendData
                0x0000000000000000       0x2a ./Inc/HALL/LCD/LCD_prog.o
 .text.LCD_enuSendCommand
                0x0000000000000000       0x2a ./Inc/HALL/LCD/LCD_prog.o
 .text.LCD_enuSendString
                0x0000000000000000       0x3e ./Inc/HALL/LCD/LCD_prog.o
 .text.LCD_enuGoToPosition
                0x0000000000000000       0x5e ./Inc/HALL/LCD/LCD_prog.o
 .text.LCD_enuSendIntegerNum
                0x0000000000000000       0xc0 ./Inc/HALL/LCD/LCD_prog.o
 .text.LCD_enuSendFloatNum
                0x0000000000000000      0x11c ./Inc/HALL/LCD/LCD_prog.o
 .text.LCD_enuWriteNLatch
                0x0000000000000000       0xee ./Inc/HALL/LCD/LCD_prog.o
 .debug_info    0x0000000000000000      0x37a ./Inc/HALL/LCD/LCD_prog.o
 .debug_abbrev  0x0000000000000000      0x134 ./Inc/HALL/LCD/LCD_prog.o
 .debug_aranges
                0x0000000000000000       0x58 ./Inc/HALL/LCD/LCD_prog.o
 .debug_ranges  0x0000000000000000       0x48 ./Inc/HALL/LCD/LCD_prog.o
 .debug_macro   0x0000000000000000       0x58 ./Inc/HALL/LCD/LCD_prog.o
 .debug_macro   0x0000000000000000      0xa7e ./Inc/HALL/LCD/LCD_prog.o
 .debug_macro   0x0000000000000000       0x22 ./Inc/HALL/LCD/LCD_prog.o
 .debug_macro   0x0000000000000000      0x1d9 ./Inc/HALL/LCD/LCD_prog.o
 .debug_macro   0x0000000000000000      0x148 ./Inc/HALL/LCD/LCD_prog.o
 .debug_macro   0x0000000000000000       0x94 ./Inc/HALL/LCD/LCD_prog.o
 .debug_macro   0x0000000000000000       0x22 ./Inc/HALL/LCD/LCD_prog.o
 .debug_line    0x0000000000000000      0x3a3 ./Inc/HALL/LCD/LCD_prog.o
 .debug_str     0x0000000000000000     0x45c2 ./Inc/HALL/LCD/LCD_prog.o
 .comment       0x0000000000000000       0x51 ./Inc/HALL/LCD/LCD_prog.o
 .debug_frame   0x0000000000000000      0x130 ./Inc/HALL/LCD/LCD_prog.o
 .ARM.attributes
                0x0000000000000000       0x34 ./Inc/HALL/LCD/LCD_prog.o
 .group         0x0000000000000000        0xc ./Inc/HALL/LMARIX/LMATRIX_Prog.o
 .group         0x0000000000000000        0xc ./Inc/HALL/LMARIX/LMATRIX_Prog.o
 .group         0x0000000000000000        0xc ./Inc/HALL/LMARIX/LMATRIX_Prog.o
 .group         0x0000000000000000        0xc ./Inc/HALL/LMARIX/LMATRIX_Prog.o
 .group         0x0000000000000000        0xc ./Inc/HALL/LMARIX/LMATRIX_Prog.o
 .group         0x0000000000000000        0xc ./Inc/HALL/LMARIX/LMATRIX_Prog.o
 .text          0x0000000000000000        0x0 ./Inc/HALL/LMARIX/LMATRIX_Prog.o
 .data          0x0000000000000000        0x0 ./Inc/HALL/LMARIX/LMATRIX_Prog.o
 .bss           0x0000000000000000        0x0 ./Inc/HALL/LMARIX/LMATRIX_Prog.o
 .rodata.MATRIX_Au8_ROW
                0x0000000000000000       0x40 ./Inc/HALL/LMARIX/LMATRIX_Prog.o
 .rodata.MATRIX_Au8_COL
                0x0000000000000000       0x10 ./Inc/HALL/LMARIX/LMATRIX_Prog.o
 .text.H_LMATRIX_void_Init
                0x0000000000000000       0xb0 ./Inc/HALL/LMARIX/LMATRIX_Prog.o
 .text.H_LMATRIX_void_Display
                0x0000000000000000       0xa8 ./Inc/HALL/LMARIX/LMATRIX_Prog.o
 .debug_info    0x0000000000000000      0x263 ./Inc/HALL/LMARIX/LMATRIX_Prog.o
 .debug_abbrev  0x0000000000000000      0x11e ./Inc/HALL/LMARIX/LMATRIX_Prog.o
 .debug_aranges
                0x0000000000000000       0x28 ./Inc/HALL/LMARIX/LMATRIX_Prog.o
 .debug_ranges  0x0000000000000000       0x18 ./Inc/HALL/LMARIX/LMATRIX_Prog.o
 .debug_macro   0x0000000000000000       0x58 ./Inc/HALL/LMARIX/LMATRIX_Prog.o
 .debug_macro   0x0000000000000000      0xa7e ./Inc/HALL/LMARIX/LMATRIX_Prog.o
 .debug_macro   0x0000000000000000       0x22 ./Inc/HALL/LMARIX/LMATRIX_Prog.o
 .debug_macro   0x0000000000000000       0x22 ./Inc/HALL/LMARIX/LMATRIX_Prog.o
 .debug_macro   0x0000000000000000      0x1d9 ./Inc/HALL/LMARIX/LMATRIX_Prog.o
 .debug_macro   0x0000000000000000      0x148 ./Inc/HALL/LMARIX/LMATRIX_Prog.o
 .debug_macro   0x0000000000000000       0x2e ./Inc/HALL/LMARIX/LMATRIX_Prog.o
 .debug_line    0x0000000000000000      0x28c ./Inc/HALL/LMARIX/LMATRIX_Prog.o
 .debug_str     0x0000000000000000     0x4789 ./Inc/HALL/LMARIX/LMATRIX_Prog.o
 .comment       0x0000000000000000       0x51 ./Inc/HALL/LMARIX/LMATRIX_Prog.o
 .debug_frame   0x0000000000000000       0x58 ./Inc/HALL/LMARIX/LMATRIX_Prog.o
 .ARM.attributes
                0x0000000000000000       0x34 ./Inc/HALL/LMARIX/LMATRIX_Prog.o
 .group         0x0000000000000000        0xc ./Inc/HALL/SSG/SSG_prog.o
 .group         0x0000000000000000        0xc ./Inc/HALL/SSG/SSG_prog.o
 .group         0x0000000000000000        0xc ./Inc/HALL/SSG/SSG_prog.o
 .group         0x0000000000000000        0xc ./Inc/HALL/SSG/SSG_prog.o
 .group         0x0000000000000000        0xc ./Inc/HALL/SSG/SSG_prog.o
 .text          0x0000000000000000        0x0 ./Inc/HALL/SSG/SSG_prog.o
 .data          0x0000000000000000        0x0 ./Inc/HALL/SSG/SSG_prog.o
 .bss           0x0000000000000000        0x0 ./Inc/HALL/SSG/SSG_prog.o
 .rodata.SSD_Au8_ControlePins
                0x0000000000000000        0x7 ./Inc/HALL/SSG/SSG_prog.o
 .rodata.SSD_Au8_ControlePorts
                0x0000000000000000        0x7 ./Inc/HALL/SSG/SSG_prog.o
 .text.H_SSD_Init
                0x0000000000000000       0x90 ./Inc/HALL/SSG/SSG_prog.o
 .rodata        0x0000000000000000       0x10 ./Inc/HALL/SSG/SSG_prog.o
 .text.H_SSD_DisplayInteger
                0x0000000000000000       0x6c ./Inc/HALL/SSG/SSG_prog.o
 .debug_info    0x0000000000000000      0x1da ./Inc/HALL/SSG/SSG_prog.o
 .debug_abbrev  0x0000000000000000       0xd1 ./Inc/HALL/SSG/SSG_prog.o
 .debug_aranges
                0x0000000000000000       0x28 ./Inc/HALL/SSG/SSG_prog.o
 .debug_ranges  0x0000000000000000       0x18 ./Inc/HALL/SSG/SSG_prog.o
 .debug_macro   0x0000000000000000       0x63 ./Inc/HALL/SSG/SSG_prog.o
 .debug_macro   0x0000000000000000      0xa7e ./Inc/HALL/SSG/SSG_prog.o
 .debug_macro   0x0000000000000000       0x22 ./Inc/HALL/SSG/SSG_prog.o
 .debug_macro   0x0000000000000000      0x1d9 ./Inc/HALL/SSG/SSG_prog.o
 .debug_macro   0x0000000000000000      0x148 ./Inc/HALL/SSG/SSG_prog.o
 .debug_macro   0x0000000000000000       0x16 ./Inc/HALL/SSG/SSG_prog.o
 .debug_line    0x0000000000000000      0x23e ./Inc/HALL/SSG/SSG_prog.o
 .debug_str     0x0000000000000000     0x4389 ./Inc/HALL/SSG/SSG_prog.o
 .comment       0x0000000000000000       0x51 ./Inc/HALL/SSG/SSG_prog.o
 .debug_frame   0x0000000000000000       0x5c ./Inc/HALL/SSG/SSG_prog.o
 .ARM.attributes
                0x0000000000000000       0x34 ./Inc/HALL/SSG/SSG_prog.o
 .group         0x0000000000000000        0xc ./Inc/HALL/TFT/TFT_Prog.o
 .group         0x0000000000000000        0xc ./Inc/HALL/TFT/TFT_Prog.o
 .group         0x0000000000000000        0xc ./Inc/HALL/TFT/TFT_Prog.o
 .group         0x0000000000000000        0xc ./Inc/HALL/TFT/TFT_Prog.o
 .group         0x0000000000000000        0xc ./Inc/HALL/TFT/TFT_Prog.o
 .group         0x0000000000000000        0xc ./Inc/HALL/TFT/TFT_Prog.o
 .group         0x0000000000000000        0xc ./Inc/HALL/TFT/TFT_Prog.o
 .group         0x0000000000000000        0xc ./Inc/HALL/TFT/TFT_Prog.o
 .group         0x0000000000000000        0xc ./Inc/HALL/TFT/TFT_Prog.o
 .text          0x0000000000000000        0x0 ./Inc/HALL/TFT/TFT_Prog.o
 .data          0x0000000000000000        0x0 ./Inc/HALL/TFT/TFT_Prog.o
 .bss           0x0000000000000000        0x0 ./Inc/HALL/TFT/TFT_Prog.o
 .debug_macro   0x0000000000000000      0xa7e ./Inc/HALL/TFT/TFT_Prog.o
 .debug_macro   0x0000000000000000       0x22 ./Inc/HALL/TFT/TFT_Prog.o
 .debug_macro   0x0000000000000000       0x22 ./Inc/HALL/TFT/TFT_Prog.o
 .debug_macro   0x0000000000000000      0x1d9 ./Inc/HALL/TFT/TFT_Prog.o
 .debug_macro   0x0000000000000000      0x148 ./Inc/HALL/TFT/TFT_Prog.o
 .group         0x0000000000000000        0xc ./Inc/LIB/02_Delay/Delay_Program.o
 .group         0x0000000000000000        0xc ./Inc/LIB/02_Delay/Delay_Program.o
 .group         0x0000000000000000        0xc ./Inc/LIB/02_Delay/Delay_Program.o
 .text          0x0000000000000000        0x0 ./Inc/LIB/02_Delay/Delay_Program.o
 .data          0x0000000000000000        0x0 ./Inc/LIB/02_Delay/Delay_Program.o
 .bss           0x0000000000000000        0x0 ./Inc/LIB/02_Delay/Delay_Program.o
 .debug_macro   0x0000000000000000      0xa7e ./Inc/LIB/02_Delay/Delay_Program.o
 .debug_macro   0x0000000000000000       0x22 ./Inc/LIB/02_Delay/Delay_Program.o
 .debug_macro   0x0000000000000000       0x22 ./Inc/LIB/02_Delay/Delay_Program.o
 .group         0x0000000000000000        0xc ./Inc/MCAL/GPIO/GPIO_prog.o
 .group         0x0000000000000000        0xc ./Inc/MCAL/GPIO/GPIO_prog.o
 .group         0x0000000000000000        0xc ./Inc/MCAL/GPIO/GPIO_prog.o
 .group         0x0000000000000000        0xc ./Inc/MCAL/GPIO/GPIO_prog.o
 .group         0x0000000000000000        0xc ./Inc/MCAL/GPIO/GPIO_prog.o
 .text          0x0000000000000000        0x0 ./Inc/MCAL/GPIO/GPIO_prog.o
 .data          0x0000000000000000        0x0 ./Inc/MCAL/GPIO/GPIO_prog.o
 .bss           0x0000000000000000        0x0 ./Inc/MCAL/GPIO/GPIO_prog.o
 .text.MGPIO_vSetPinOutPutType
                0x0000000000000000       0xe4 ./Inc/MCAL/GPIO/GPIO_prog.o
 .text.MGPIO_vSetPullType
                0x0000000000000000       0xe0 ./Inc/MCAL/GPIO/GPIO_prog.o
 .text.MGPIO_u8ReadData
                0x0000000000000000       0xd8 ./Inc/MCAL/GPIO/GPIO_prog.o
 .text.MGPIO_vWriteData
                0x0000000000000000      0x18c ./Inc/MCAL/GPIO/GPIO_prog.o
 .text.MGPIO_vPinLock
                0x0000000000000000      0x17c ./Inc/MCAL/GPIO/GPIO_prog.o
 .text.MGPIO_vPortOutputOneByte
                0x0000000000000000      0x128 ./Inc/MCAL/GPIO/GPIO_prog.o
 .debug_macro   0x0000000000000000      0xa7e ./Inc/MCAL/GPIO/GPIO_prog.o
 .debug_macro   0x0000000000000000       0x22 ./Inc/MCAL/GPIO/GPIO_prog.o
 .debug_macro   0x0000000000000000       0x22 ./Inc/MCAL/GPIO/GPIO_prog.o
 .debug_macro   0x0000000000000000      0x1d9 ./Inc/MCAL/GPIO/GPIO_prog.o
 .debug_macro   0x0000000000000000      0x148 ./Inc/MCAL/GPIO/GPIO_prog.o
 .group         0x0000000000000000        0xc ./Inc/MCAL/RCC/RCC_prog.o
 .group         0x0000000000000000        0xc ./Inc/MCAL/RCC/RCC_prog.o
 .group         0x0000000000000000        0xc ./Inc/MCAL/RCC/RCC_prog.o
 .group         0x0000000000000000        0xc ./Inc/MCAL/RCC/RCC_prog.o
 .group         0x0000000000000000        0xc ./Inc/MCAL/RCC/RCC_prog.o
 .group         0x0000000000000000        0xc ./Inc/MCAL/RCC/RCC_prog.o
 .text          0x0000000000000000        0x0 ./Inc/MCAL/RCC/RCC_prog.o
 .data          0x0000000000000000        0x0 ./Inc/MCAL/RCC/RCC_prog.o
 .bss           0x0000000000000000        0x0 ./Inc/MCAL/RCC/RCC_prog.o
 .text.MRCC_vDisableClock
                0x0000000000000000       0xa4 ./Inc/MCAL/RCC/RCC_prog.o
 .text.MRCC_vEnableSecuritySystem
                0x0000000000000000       0x20 ./Inc/MCAL/RCC/RCC_prog.o
 .text.MRCC_vDisableSecuritySystem
                0x0000000000000000       0x20 ./Inc/MCAL/RCC/RCC_prog.o
 .text.MRCC_vOutMCO_1
                0x0000000000000000       0xa4 ./Inc/MCAL/RCC/RCC_prog.o
 .text.MRCC_vOutMCO_1Pre
                0x0000000000000000       0xe4 ./Inc/MCAL/RCC/RCC_prog.o
 .debug_macro   0x0000000000000000      0xa7e ./Inc/MCAL/RCC/RCC_prog.o
 .debug_macro   0x0000000000000000       0x22 ./Inc/MCAL/RCC/RCC_prog.o
 .debug_macro   0x0000000000000000       0x22 ./Inc/MCAL/RCC/RCC_prog.o
 .group         0x0000000000000000        0xc ./Inc/MCAL/SPI/SPI_prog.o
 .group         0x0000000000000000        0xc ./Inc/MCAL/SPI/SPI_prog.o
 .group         0x0000000000000000        0xc ./Inc/MCAL/SPI/SPI_prog.o
 .group         0x0000000000000000        0xc ./Inc/MCAL/SPI/SPI_prog.o
 .group         0x0000000000000000        0xc ./Inc/MCAL/SPI/SPI_prog.o
 .group         0x0000000000000000        0xc ./Inc/MCAL/SPI/SPI_prog.o
 .text          0x0000000000000000        0x0 ./Inc/MCAL/SPI/SPI_prog.o
 .data          0x0000000000000000        0x0 ./Inc/MCAL/SPI/SPI_prog.o
 .bss           0x0000000000000000        0x0 ./Inc/MCAL/SPI/SPI_prog.o
 .debug_macro   0x0000000000000000      0xa7e ./Inc/MCAL/SPI/SPI_prog.o
 .debug_macro   0x0000000000000000       0x22 ./Inc/MCAL/SPI/SPI_prog.o
 .debug_macro   0x0000000000000000       0x22 ./Inc/MCAL/SPI/SPI_prog.o
 .debug_macro   0x0000000000000000      0x118 ./Inc/MCAL/SPI/SPI_prog.o
 .debug_macro   0x0000000000000000       0x1c ./Inc/MCAL/SPI/SPI_prog.o
 .group         0x0000000000000000        0xc ./Src/main.o
 .group         0x0000000000000000        0xc ./Src/main.o
 .group         0x0000000000000000        0xc ./Src/main.o
 .group         0x0000000000000000        0xc ./Src/main.o
 .group         0x0000000000000000        0xc ./Src/main.o
 .group         0x0000000000000000        0xc ./Src/main.o
 .group         0x0000000000000000        0xc ./Src/main.o
 .group         0x0000000000000000        0xc ./Src/main.o
 .group         0x0000000000000000        0xc ./Src/main.o
 .group         0x0000000000000000        0xc ./Src/main.o
 .group         0x0000000000000000        0xc ./Src/main.o
 .group         0x0000000000000000        0xc ./Src/main.o
 .group         0x0000000000000000        0xc ./Src/main.o
 .group         0x0000000000000000        0xc ./Src/main.o
 .group         0x0000000000000000        0xc ./Src/main.o
 .group         0x0000000000000000        0xc ./Src/main.o
 .group         0x0000000000000000        0xc ./Src/main.o
 .group         0x0000000000000000        0xc ./Src/main.o
 .text          0x0000000000000000        0x0 ./Src/main.o
 .data          0x0000000000000000        0x0 ./Src/main.o
 .bss           0x0000000000000000        0x0 ./Src/main.o
 .debug_macro   0x0000000000000000      0xa7e ./Src/main.o
 .debug_macro   0x0000000000000000       0x22 ./Src/main.o
 .debug_macro   0x0000000000000000       0x9a ./Src/main.o
 .debug_macro   0x0000000000000000       0x1c ./Src/main.o
 .debug_macro   0x0000000000000000      0x1a8 ./Src/main.o
 .debug_macro   0x0000000000000000      0x1d9 ./Src/main.o
 .debug_macro   0x0000000000000000      0x148 ./Src/main.o
 .debug_macro   0x0000000000000000       0x22 ./Src/main.o
 .debug_macro   0x0000000000000000      0x118 ./Src/main.o
 .debug_macro   0x0000000000000000       0x1c ./Src/main.o
 .group         0x0000000000000000        0xc ./Src/syscalls.o
 .group         0x0000000000000000        0xc ./Src/syscalls.o
 .group         0x0000000000000000        0xc ./Src/syscalls.o
 .group         0x0000000000000000        0xc ./Src/syscalls.o
 .group         0x0000000000000000        0xc ./Src/syscalls.o
 .group         0x0000000000000000        0xc ./Src/syscalls.o
 .group         0x0000000000000000        0xc ./Src/syscalls.o
 .group         0x0000000000000000        0xc ./Src/syscalls.o
 .group         0x0000000000000000        0xc ./Src/syscalls.o
 .group         0x0000000000000000        0xc ./Src/syscalls.o
 .group         0x0000000000000000        0xc ./Src/syscalls.o
 .group         0x0000000000000000        0xc ./Src/syscalls.o
 .group         0x0000000000000000        0xc ./Src/syscalls.o
 .group         0x0000000000000000        0xc ./Src/syscalls.o
 .group         0x0000000000000000        0xc ./Src/syscalls.o
 .group         0x0000000000000000        0xc ./Src/syscalls.o
 .group         0x0000000000000000        0xc ./Src/syscalls.o
 .group         0x0000000000000000        0xc ./Src/syscalls.o
 .group         0x0000000000000000        0xc ./Src/syscalls.o
 .group         0x0000000000000000        0xc ./Src/syscalls.o
 .group         0x0000000000000000        0xc ./Src/syscalls.o
 .group         0x0000000000000000        0xc ./Src/syscalls.o
 .group         0x0000000000000000        0xc ./Src/syscalls.o
 .group         0x0000000000000000        0xc ./Src/syscalls.o
 .group         0x0000000000000000        0xc ./Src/syscalls.o
 .group         0x0000000000000000        0xc ./Src/syscalls.o
 .group         0x0000000000000000        0xc ./Src/syscalls.o
 .group         0x0000000000000000        0xc ./Src/syscalls.o
 .group         0x0000000000000000        0xc ./Src/syscalls.o
 .group         0x0000000000000000        0xc ./Src/syscalls.o
 .group         0x0000000000000000        0xc ./Src/syscalls.o
 .group         0x0000000000000000        0xc ./Src/syscalls.o
 .group         0x0000000000000000        0xc ./Src/syscalls.o
 .group         0x0000000000000000        0xc ./Src/syscalls.o
 .group         0x0000000000000000        0xc ./Src/syscalls.o
 .group         0x0000000000000000        0xc ./Src/syscalls.o
 .group         0x0000000000000000        0xc ./Src/syscalls.o
 .group         0x0000000000000000        0xc ./Src/syscalls.o
 .group         0x0000000000000000        0xc ./Src/syscalls.o
 .group         0x0000000000000000        0xc ./Src/syscalls.o
 .group         0x0000000000000000        0xc ./Src/syscalls.o
 .group         0x0000000000000000        0xc ./Src/syscalls.o
 .group         0x0000000000000000        0xc ./Src/syscalls.o
 .group         0x0000000000000000        0xc ./Src/syscalls.o
 .group         0x0000000000000000        0xc ./Src/syscalls.o
 .group         0x0000000000000000        0xc ./Src/syscalls.o
 .group         0x0000000000000000        0xc ./Src/syscalls.o
 .text          0x0000000000000000        0x0 ./Src/syscalls.o
 .data          0x0000000000000000        0x0 ./Src/syscalls.o
 .bss           0x0000000000000000        0x0 ./Src/syscalls.o
 .bss.__env     0x0000000000000000        0x4 ./Src/syscalls.o
 .data.environ  0x0000000000000000        0x4 ./Src/syscalls.o
 .text.initialise_monitor_handles
                0x0000000000000000        0xe ./Src/syscalls.o
 .text._getpid  0x0000000000000000       0x10 ./Src/syscalls.o
 .text._kill    0x0000000000000000       0x20 ./Src/syscalls.o
 .text._exit    0x0000000000000000       0x14 ./Src/syscalls.o
 .text._read    0x0000000000000000       0x3a ./Src/syscalls.o
 .text._write   0x0000000000000000       0x38 ./Src/syscalls.o
 .text._close   0x0000000000000000       0x18 ./Src/syscalls.o
 .text._fstat   0x0000000000000000       0x20 ./Src/syscalls.o
 .text._isatty  0x0000000000000000       0x16 ./Src/syscalls.o
 .text._lseek   0x0000000000000000       0x1a ./Src/syscalls.o
 .text._open    0x0000000000000000       0x1c ./Src/syscalls.o
 .text._wait    0x0000000000000000       0x1e ./Src/syscalls.o
 .text._unlink  0x0000000000000000       0x1e ./Src/syscalls.o
 .text._times   0x0000000000000000       0x18 ./Src/syscalls.o
 .text._stat    0x0000000000000000       0x20 ./Src/syscalls.o
 .text._link    0x0000000000000000       0x20 ./Src/syscalls.o
 .text._fork    0x0000000000000000       0x16 ./Src/syscalls.o
 .text._execve  0x0000000000000000       0x22 ./Src/syscalls.o
 .debug_info    0x0000000000000000      0x6e0 ./Src/syscalls.o
 .debug_abbrev  0x0000000000000000      0x1b3 ./Src/syscalls.o
 .debug_aranges
                0x0000000000000000       0xa8 ./Src/syscalls.o
 .debug_ranges  0x0000000000000000       0x98 ./Src/syscalls.o
 .debug_macro   0x0000000000000000      0x24c ./Src/syscalls.o
 .debug_macro   0x0000000000000000      0xa7e ./Src/syscalls.o
 .debug_macro   0x0000000000000000       0x22 ./Src/syscalls.o
 .debug_macro   0x0000000000000000       0x4c ./Src/syscalls.o
 .debug_macro   0x0000000000000000       0x1e ./Src/syscalls.o
 .debug_macro   0x0000000000000000       0x94 ./Src/syscalls.o
 .debug_macro   0x0000000000000000       0x3c ./Src/syscalls.o
 .debug_macro   0x0000000000000000       0x34 ./Src/syscalls.o
 .debug_macro   0x0000000000000000       0x57 ./Src/syscalls.o
 .debug_macro   0x0000000000000000      0x174 ./Src/syscalls.o
 .debug_macro   0x0000000000000000      0x341 ./Src/syscalls.o
 .debug_macro   0x0000000000000000       0x16 ./Src/syscalls.o
 .debug_macro   0x0000000000000000       0x43 ./Src/syscalls.o
 .debug_macro   0x0000000000000000       0x34 ./Src/syscalls.o
 .debug_macro   0x0000000000000000       0x10 ./Src/syscalls.o
 .debug_macro   0x0000000000000000       0x58 ./Src/syscalls.o
 .debug_macro   0x0000000000000000       0x71 ./Src/syscalls.o
 .debug_macro   0x0000000000000000       0x1c ./Src/syscalls.o
 .debug_macro   0x0000000000000000      0x12a ./Src/syscalls.o
 .debug_macro   0x0000000000000000       0x10 ./Src/syscalls.o
 .debug_macro   0x0000000000000000       0x35 ./Src/syscalls.o
 .debug_macro   0x0000000000000000       0x10 ./Src/syscalls.o
 .debug_macro   0x0000000000000000       0x10 ./Src/syscalls.o
 .debug_macro   0x0000000000000000       0x10 ./Src/syscalls.o
 .debug_macro   0x0000000000000000       0x6a ./Src/syscalls.o
 .debug_macro   0x0000000000000000       0x1c ./Src/syscalls.o
 .debug_macro   0x0000000000000000       0x52 ./Src/syscalls.o
 .debug_macro   0x0000000000000000       0x22 ./Src/syscalls.o
 .debug_macro   0x0000000000000000       0x10 ./Src/syscalls.o
 .debug_macro   0x0000000000000000       0x52 ./Src/syscalls.o
 .debug_macro   0x0000000000000000       0xd5 ./Src/syscalls.o
 .debug_macro   0x0000000000000000       0x1c ./Src/syscalls.o
 .debug_macro   0x0000000000000000       0x3d ./Src/syscalls.o
 .debug_macro   0x0000000000000000       0x35 ./Src/syscalls.o
 .debug_macro   0x0000000000000000      0x12c ./Src/syscalls.o
 .debug_macro   0x0000000000000000       0x16 ./Src/syscalls.o
 .debug_macro   0x0000000000000000       0x16 ./Src/syscalls.o
 .debug_macro   0x0000000000000000       0x29 ./Src/syscalls.o
 .debug_macro   0x0000000000000000       0x10 ./Src/syscalls.o
 .debug_macro   0x0000000000000000      0x241 ./Src/syscalls.o
 .debug_macro   0x0000000000000000       0x1c ./Src/syscalls.o
 .debug_macro   0x0000000000000000       0x10 ./Src/syscalls.o
 .debug_macro   0x0000000000000000       0x10 ./Src/syscalls.o
 .debug_macro   0x0000000000000000       0x16 ./Src/syscalls.o
 .debug_macro   0x0000000000000000      0x145 ./Src/syscalls.o
 .debug_macro   0x0000000000000000      0x189 ./Src/syscalls.o
 .debug_macro   0x0000000000000000       0x16 ./Src/syscalls.o
 .debug_macro   0x0000000000000000       0xce ./Src/syscalls.o
 .debug_line    0x0000000000000000      0x7ef ./Src/syscalls.o
 .debug_str     0x0000000000000000     0x8a6e ./Src/syscalls.o
 .comment       0x0000000000000000       0x51 ./Src/syscalls.o
 .debug_frame   0x0000000000000000      0x2ac ./Src/syscalls.o
 .ARM.attributes
                0x0000000000000000       0x34 ./Src/syscalls.o
 .group         0x0000000000000000        0xc ./Src/sysmem.o
 .group         0x0000000000000000        0xc ./Src/sysmem.o
 .group         0x0000000000000000        0xc ./Src/sysmem.o
 .group         0x0000000000000000        0xc ./Src/sysmem.o
 .group         0x0000000000000000        0xc ./Src/sysmem.o
 .group         0x0000000000000000        0xc ./Src/sysmem.o
 .group         0x0000000000000000        0xc ./Src/sysmem.o
 .group         0x0000000000000000        0xc ./Src/sysmem.o
 .group         0x0000000000000000        0xc ./Src/sysmem.o
 .group         0x0000000000000000        0xc ./Src/sysmem.o
 .group         0x0000000000000000        0xc ./Src/sysmem.o
 .group         0x0000000000000000        0xc ./Src/sysmem.o
 .group         0x0000000000000000        0xc ./Src/sysmem.o
 .group         0x0000000000000000        0xc ./Src/sysmem.o
 .group         0x0000000000000000        0xc ./Src/sysmem.o
 .group         0x0000000000000000        0xc ./Src/sysmem.o
 .group         0x0000000000000000        0xc ./Src/sysmem.o
 .group         0x0000000000000000        0xc ./Src/sysmem.o
 .group         0x0000000000000000        0xc ./Src/sysmem.o
 .group         0x0000000000000000        0xc ./Src/sysmem.o
 .group         0x0000000000000000        0xc ./Src/sysmem.o
 .group         0x0000000000000000        0xc ./Src/sysmem.o
 .text          0x0000000000000000        0x0 ./Src/sysmem.o
 .data          0x0000000000000000        0x0 ./Src/sysmem.o
 .bss           0x0000000000000000        0x0 ./Src/sysmem.o
 .bss.__sbrk_heap_end
                0x0000000000000000        0x4 ./Src/sysmem.o
 .text._sbrk    0x0000000000000000       0x6c ./Src/sysmem.o
 .debug_info    0x0000000000000000      0x171 ./Src/sysmem.o
 .debug_abbrev  0x0000000000000000       0xbb ./Src/sysmem.o
 .debug_aranges
                0x0000000000000000       0x20 ./Src/sysmem.o
 .debug_ranges  0x0000000000000000       0x10 ./Src/sysmem.o
 .debug_macro   0x0000000000000000       0xff ./Src/sysmem.o
 .debug_macro   0x0000000000000000      0xa7e ./Src/sysmem.o
 .debug_macro   0x0000000000000000       0x10 ./Src/sysmem.o
 .debug_macro   0x0000000000000000       0x22 ./Src/sysmem.o
 .debug_macro   0x0000000000000000       0x4c ./Src/sysmem.o
 .debug_macro   0x0000000000000000       0x1e ./Src/sysmem.o
 .debug_macro   0x0000000000000000       0x94 ./Src/sysmem.o
 .debug_macro   0x0000000000000000       0x3c ./Src/sysmem.o
 .debug_macro   0x0000000000000000       0x34 ./Src/sysmem.o
 .debug_macro   0x0000000000000000      0x174 ./Src/sysmem.o
 .debug_macro   0x0000000000000000       0x16 ./Src/sysmem.o
 .debug_macro   0x0000000000000000       0x43 ./Src/sysmem.o
 .debug_macro   0x0000000000000000       0x57 ./Src/sysmem.o
 .debug_macro   0x0000000000000000       0x34 ./Src/sysmem.o
 .debug_macro   0x0000000000000000       0x10 ./Src/sysmem.o
 .debug_macro   0x0000000000000000       0x58 ./Src/sysmem.o
 .debug_macro   0x0000000000000000       0x71 ./Src/sysmem.o
 .debug_macro   0x0000000000000000       0x1c ./Src/sysmem.o
 .debug_macro   0x0000000000000000      0x12a ./Src/sysmem.o
 .debug_macro   0x0000000000000000      0x23b ./Src/sysmem.o
 .debug_macro   0x0000000000000000      0x103 ./Src/sysmem.o
 .debug_macro   0x0000000000000000       0x6a ./Src/sysmem.o
 .debug_macro   0x0000000000000000      0x1df ./Src/sysmem.o
 .debug_line    0x0000000000000000      0x4e5 ./Src/sysmem.o
 .debug_str     0x0000000000000000     0x5daa ./Src/sysmem.o
 .comment       0x0000000000000000       0x51 ./Src/sysmem.o
 .debug_frame   0x0000000000000000       0x34 ./Src/sysmem.o
 .ARM.attributes
                0x0000000000000000       0x34 ./Src/sysmem.o
 .text          0x0000000000000000       0x14 ./Startup/startup_stm32f401vetx.o
 .data          0x0000000000000000        0x0 ./Startup/startup_stm32f401vetx.o
 .bss           0x0000000000000000        0x0 ./Startup/startup_stm32f401vetx.o
 .text          0x0000000000000000        0x0 c:/st/stm32cubeide_1.10.1/stm32cubeide/plugins/com.st.stm32cube.ide.mcu.externaltools.gnu-tools-for-stm32.10.3-2021.10.win32_1.0.0.202111181127/tools/bin/../lib/gcc/arm-none-eabi/10.3.1/../../../../arm-none-eabi/lib/thumb/v7e-m+fp/hard\libc_nano.a(lib_a-errno.o)
 .data          0x0000000000000000        0x0 c:/st/stm32cubeide_1.10.1/stm32cubeide/plugins/com.st.stm32cube.ide.mcu.externaltools.gnu-tools-for-stm32.10.3-2021.10.win32_1.0.0.202111181127/tools/bin/../lib/gcc/arm-none-eabi/10.3.1/../../../../arm-none-eabi/lib/thumb/v7e-m+fp/hard\libc_nano.a(lib_a-errno.o)
 .bss           0x0000000000000000        0x0 c:/st/stm32cubeide_1.10.1/stm32cubeide/plugins/com.st.stm32cube.ide.mcu.externaltools.gnu-tools-for-stm32.10.3-2021.10.win32_1.0.0.202111181127/tools/bin/../lib/gcc/arm-none-eabi/10.3.1/../../../../arm-none-eabi/lib/thumb/v7e-m+fp/hard\libc_nano.a(lib_a-errno.o)
 .text.__errno  0x0000000000000000        0xc c:/st/stm32cubeide_1.10.1/stm32cubeide/plugins/com.st.stm32cube.ide.mcu.externaltools.gnu-tools-for-stm32.10.3-2021.10.win32_1.0.0.202111181127/tools/bin/../lib/gcc/arm-none-eabi/10.3.1/../../../../arm-none-eabi/lib/thumb/v7e-m+fp/hard\libc_nano.a(lib_a-errno.o)
 .debug_frame   0x0000000000000000       0x20 c:/st/stm32cubeide_1.10.1/stm32cubeide/plugins/com.st.stm32cube.ide.mcu.externaltools.gnu-tools-for-stm32.10.3-2021.10.win32_1.0.0.202111181127/tools/bin/../lib/gcc/arm-none-eabi/10.3.1/../../../../arm-none-eabi/lib/thumb/v7e-m+fp/hard\libc_nano.a(lib_a-errno.o)
 .ARM.attributes
                0x0000000000000000       0x34 c:/st/stm32cubeide_1.10.1/stm32cubeide/plugins/com.st.stm32cube.ide.mcu.externaltools.gnu-tools-for-stm32.10.3-2021.10.win32_1.0.0.202111181127/tools/bin/../lib/gcc/arm-none-eabi/10.3.1/../../../../arm-none-eabi/lib/thumb/v7e-m+fp/hard\libc_nano.a(lib_a-errno.o)
 .text          0x0000000000000000        0x0 c:/st/stm32cubeide_1.10.1/stm32cubeide/plugins/com.st.stm32cube.ide.mcu.externaltools.gnu-tools-for-stm32.10.3-2021.10.win32_1.0.0.202111181127/tools/bin/../lib/gcc/arm-none-eabi/10.3.1/../../../../arm-none-eabi/lib/thumb/v7e-m+fp/hard\libc_nano.a(lib_a-exit.o)
 .data          0x0000000000000000        0x0 c:/st/stm32cubeide_1.10.1/stm32cubeide/plugins/com.st.stm32cube.ide.mcu.externaltools.gnu-tools-for-stm32.10.3-2021.10.win32_1.0.0.202111181127/tools/bin/../lib/gcc/arm-none-eabi/10.3.1/../../../../arm-none-eabi/lib/thumb/v7e-m+fp/hard\libc_nano.a(lib_a-exit.o)
 .bss           0x0000000000000000        0x0 c:/st/stm32cubeide_1.10.1/stm32cubeide/plugins/com.st.stm32cube.ide.mcu.externaltools.gnu-tools-for-stm32.10.3-2021.10.win32_1.0.0.202111181127/tools/bin/../lib/gcc/arm-none-eabi/10.3.1/../../../../arm-none-eabi/lib/thumb/v7e-m+fp/hard\libc_nano.a(lib_a-exit.o)
 .text.exit     0x0000000000000000       0x28 c:/st/stm32cubeide_1.10.1/stm32cubeide/plugins/com.st.stm32cube.ide.mcu.externaltools.gnu-tools-for-stm32.10.3-2021.10.win32_1.0.0.202111181127/tools/bin/../lib/gcc/arm-none-eabi/10.3.1/../../../../arm-none-eabi/lib/thumb/v7e-m+fp/hard\libc_nano.a(lib_a-exit.o)
 .debug_frame   0x0000000000000000       0x28 c:/st/stm32cubeide_1.10.1/stm32cubeide/plugins/com.st.stm32cube.ide.mcu.externaltools.gnu-tools-for-stm32.10.3-2021.10.win32_1.0.0.202111181127/tools/bin/../lib/gcc/arm-none-eabi/10.3.1/../../../../arm-none-eabi/lib/thumb/v7e-m+fp/hard\libc_nano.a(lib_a-exit.o)
 .ARM.attributes
                0x0000000000000000       0x34 c:/st/stm32cubeide_1.10.1/stm32cubeide/plugins/com.st.stm32cube.ide.mcu.externaltools.gnu-tools-for-stm32.10.3-2021.10.win32_1.0.0.202111181127/tools/bin/../lib/gcc/arm-none-eabi/10.3.1/../../../../arm-none-eabi/lib/thumb/v7e-m+fp/hard\libc_nano.a(lib_a-exit.o)
 .text          0x0000000000000000        0x0 c:/st/stm32cubeide_1.10.1/stm32cubeide/plugins/com.st.stm32cube.ide.mcu.externaltools.gnu-tools-for-stm32.10.3-2021.10.win32_1.0.0.202111181127/tools/bin/../lib/gcc/arm-none-eabi/10.3.1/../../../../arm-none-eabi/lib/thumb/v7e-m+fp/hard\libc_nano.a(lib_a-impure.o)
 .data          0x0000000000000000        0x0 c:/st/stm32cubeide_1.10.1/stm32cubeide/plugins/com.st.stm32cube.ide.mcu.externaltools.gnu-tools-for-stm32.10.3-2021.10.win32_1.0.0.202111181127/tools/bin/../lib/gcc/arm-none-eabi/10.3.1/../../../../arm-none-eabi/lib/thumb/v7e-m+fp/hard\libc_nano.a(lib_a-impure.o)
 .bss           0x0000000000000000        0x0 c:/st/stm32cubeide_1.10.1/stm32cubeide/plugins/com.st.stm32cube.ide.mcu.externaltools.gnu-tools-for-stm32.10.3-2021.10.win32_1.0.0.202111181127/tools/bin/../lib/gcc/arm-none-eabi/10.3.1/../../../../arm-none-eabi/lib/thumb/v7e-m+fp/hard\libc_nano.a(lib_a-impure.o)
 .data._impure_ptr
                0x0000000000000000        0x4 c:/st/stm32cubeide_1.10.1/stm32cubeide/plugins/com.st.stm32cube.ide.mcu.externaltools.gnu-tools-for-stm32.10.3-2021.10.win32_1.0.0.202111181127/tools/bin/../lib/gcc/arm-none-eabi/10.3.1/../../../../arm-none-eabi/lib/thumb/v7e-m+fp/hard\libc_nano.a(lib_a-impure.o)
 .data.impure_data
                0x0000000000000000       0x60 c:/st/stm32cubeide_1.10.1/stm32cubeide/plugins/com.st.stm32cube.ide.mcu.externaltools.gnu-tools-for-stm32.10.3-2021.10.win32_1.0.0.202111181127/tools/bin/../lib/gcc/arm-none-eabi/10.3.1/../../../../arm-none-eabi/lib/thumb/v7e-m+fp/hard\libc_nano.a(lib_a-impure.o)
 .rodata._global_impure_ptr
                0x0000000000000000        0x4 c:/st/stm32cubeide_1.10.1/stm32cubeide/plugins/com.st.stm32cube.ide.mcu.externaltools.gnu-tools-for-stm32.10.3-2021.10.win32_1.0.0.202111181127/tools/bin/../lib/gcc/arm-none-eabi/10.3.1/../../../../arm-none-eabi/lib/thumb/v7e-m+fp/hard\libc_nano.a(lib_a-impure.o)
 .ARM.attributes
                0x0000000000000000       0x34 c:/st/stm32cubeide_1.10.1/stm32cubeide/plugins/com.st.stm32cube.ide.mcu.externaltools.gnu-tools-for-stm32.10.3-2021.10.win32_1.0.0.202111181127/tools/bin/../lib/gcc/arm-none-eabi/10.3.1/../../../../arm-none-eabi/lib/thumb/v7e-m+fp/hard\libc_nano.a(lib_a-impure.o)
 .text          0x0000000000000000        0x0 c:/st/stm32cubeide_1.10.1/stm32cubeide/plugins/com.st.stm32cube.ide.mcu.externaltools.gnu-tools-for-stm32.10.3-2021.10.win32_1.0.0.202111181127/tools/bin/../lib/gcc/arm-none-eabi/10.3.1/../../../../arm-none-eabi/lib/thumb/v7e-m+fp/hard\libc_nano.a(lib_a-init.o)
 .data          0x0000000000000000        0x0 c:/st/stm32cubeide_1.10.1/stm32cubeide/plugins/com.st.stm32cube.ide.mcu.externaltools.gnu-tools-for-stm32.10.3-2021.10.win32_1.0.0.202111181127/tools/bin/../lib/gcc/arm-none-eabi/10.3.1/../../../../arm-none-eabi/lib/thumb/v7e-m+fp/hard\libc_nano.a(lib_a-init.o)
 .bss           0x0000000000000000        0x0 c:/st/stm32cubeide_1.10.1/stm32cubeide/plugins/com.st.stm32cube.ide.mcu.externaltools.gnu-tools-for-stm32.10.3-2021.10.win32_1.0.0.202111181127/tools/bin/../lib/gcc/arm-none-eabi/10.3.1/../../../../arm-none-eabi/lib/thumb/v7e-m+fp/hard\libc_nano.a(lib_a-init.o)
 .text          0x0000000000000000        0x0 c:/st/stm32cubeide_1.10.1/stm32cubeide/plugins/com.st.stm32cube.ide.mcu.externaltools.gnu-tools-for-stm32.10.3-2021.10.win32_1.0.0.202111181127/tools/bin/../lib/gcc/arm-none-eabi/10.3.1/../../../../arm-none-eabi/lib/thumb/v7e-m+fp/hard\libc_nano.a(lib_a-memset.o)
 .data          0x0000000000000000        0x0 c:/st/stm32cubeide_1.10.1/stm32cubeide/plugins/com.st.stm32cube.ide.mcu.externaltools.gnu-tools-for-stm32.10.3-2021.10.win32_1.0.0.202111181127/tools/bin/../lib/gcc/arm-none-eabi/10.3.1/../../../../arm-none-eabi/lib/thumb/v7e-m+fp/hard\libc_nano.a(lib_a-memset.o)
 .bss           0x0000000000000000        0x0 c:/st/stm32cubeide_1.10.1/stm32cubeide/plugins/com.st.stm32cube.ide.mcu.externaltools.gnu-tools-for-stm32.10.3-2021.10.win32_1.0.0.202111181127/tools/bin/../lib/gcc/arm-none-eabi/10.3.1/../../../../arm-none-eabi/lib/thumb/v7e-m+fp/hard\libc_nano.a(lib_a-memset.o)
 .text.memset   0x0000000000000000       0x10 c:/st/stm32cubeide_1.10.1/stm32cubeide/plugins/com.st.stm32cube.ide.mcu.externaltools.gnu-tools-for-stm32.10.3-2021.10.win32_1.0.0.202111181127/tools/bin/../lib/gcc/arm-none-eabi/10.3.1/../../../../arm-none-eabi/lib/thumb/v7e-m+fp/hard\libc_nano.a(lib_a-memset.o)
 .debug_frame   0x0000000000000000       0x20 c:/st/stm32cubeide_1.10.1/stm32cubeide/plugins/com.st.stm32cube.ide.mcu.externaltools.gnu-tools-for-stm32.10.3-2021.10.win32_1.0.0.202111181127/tools/bin/../lib/gcc/arm-none-eabi/10.3.1/../../../../arm-none-eabi/lib/thumb/v7e-m+fp/hard\libc_nano.a(lib_a-memset.o)
 .ARM.attributes
                0x0000000000000000       0x34 c:/st/stm32cubeide_1.10.1/stm32cubeide/plugins/com.st.stm32cube.ide.mcu.externaltools.gnu-tools-for-stm32.10.3-2021.10.win32_1.0.0.202111181127/tools/bin/../lib/gcc/arm-none-eabi/10.3.1/../../../../arm-none-eabi/lib/thumb/v7e-m+fp/hard\libc_nano.a(lib_a-memset.o)
 .text          0x0000000000000000      0x254 c:/st/stm32cubeide_1.10.1/stm32cubeide/plugins/com.st.stm32cube.ide.mcu.externaltools.gnu-tools-for-stm32.10.3-2021.10.win32_1.0.0.202111181127/tools/bin/../lib/gcc/arm-none-eabi/10.3.1/thumb/v7e-m+fp/hard\libgcc.a(_arm_muldf3.o)
 .data          0x0000000000000000        0x0 c:/st/stm32cubeide_1.10.1/stm32cubeide/plugins/com.st.stm32cube.ide.mcu.externaltools.gnu-tools-for-stm32.10.3-2021.10.win32_1.0.0.202111181127/tools/bin/../lib/gcc/arm-none-eabi/10.3.1/thumb/v7e-m+fp/hard\libgcc.a(_arm_muldf3.o)
 .bss           0x0000000000000000        0x0 c:/st/stm32cubeide_1.10.1/stm32cubeide/plugins/com.st.stm32cube.ide.mcu.externaltools.gnu-tools-for-stm32.10.3-2021.10.win32_1.0.0.202111181127/tools/bin/../lib/gcc/arm-none-eabi/10.3.1/thumb/v7e-m+fp/hard\libgcc.a(_arm_muldf3.o)
 .debug_frame   0x0000000000000000       0x30 c:/st/stm32cubeide_1.10.1/stm32cubeide/plugins/com.st.stm32cube.ide.mcu.externaltools.gnu-tools-for-stm32.10.3-2021.10.win32_1.0.0.202111181127/tools/bin/../lib/gcc/arm-none-eabi/10.3.1/thumb/v7e-m+fp/hard\libgcc.a(_arm_muldf3.o)
 .ARM.attributes
                0x0000000000000000       0x1e c:/st/stm32cubeide_1.10.1/stm32cubeide/plugins/com.st.stm32cube.ide.mcu.externaltools.gnu-tools-for-stm32.10.3-2021.10.win32_1.0.0.202111181127/tools/bin/../lib/gcc/arm-none-eabi/10.3.1/thumb/v7e-m+fp/hard\libgcc.a(_arm_muldf3.o)
 .data          0x0000000000000000        0x0 c:/st/stm32cubeide_1.10.1/stm32cubeide/plugins/com.st.stm32cube.ide.mcu.externaltools.gnu-tools-for-stm32.10.3-2021.10.win32_1.0.0.202111181127/tools/bin/../lib/gcc/arm-none-eabi/10.3.1/thumb/v7e-m+fp/hard\libgcc.a(_arm_addsubdf3.o)
 .bss           0x0000000000000000        0x0 c:/st/stm32cubeide_1.10.1/stm32cubeide/plugins/com.st.stm32cube.ide.mcu.externaltools.gnu-tools-for-stm32.10.3-2021.10.win32_1.0.0.202111181127/tools/bin/../lib/gcc/arm-none-eabi/10.3.1/thumb/v7e-m+fp/hard\libgcc.a(_arm_addsubdf3.o)
 .data          0x0000000000000000        0x0 c:/st/stm32cubeide_1.10.1/stm32cubeide/plugins/com.st.stm32cube.ide.mcu.externaltools.gnu-tools-for-stm32.10.3-2021.10.win32_1.0.0.202111181127/tools/bin/../lib/gcc/arm-none-eabi/10.3.1/thumb/v7e-m+fp/hard\libgcc.a(_arm_muldivdf3.o)
 .bss           0x0000000000000000        0x0 c:/st/stm32cubeide_1.10.1/stm32cubeide/plugins/com.st.stm32cube.ide.mcu.externaltools.gnu-tools-for-stm32.10.3-2021.10.win32_1.0.0.202111181127/tools/bin/../lib/gcc/arm-none-eabi/10.3.1/thumb/v7e-m+fp/hard\libgcc.a(_arm_muldivdf3.o)
 .data          0x0000000000000000        0x0 c:/st/stm32cubeide_1.10.1/stm32cubeide/plugins/com.st.stm32cube.ide.mcu.externaltools.gnu-tools-for-stm32.10.3-2021.10.win32_1.0.0.202111181127/tools/bin/../lib/gcc/arm-none-eabi/10.3.1/thumb/v7e-m+fp/hard\libgcc.a(_arm_fixunsdfsi.o)
 .bss           0x0000000000000000        0x0 c:/st/stm32cubeide_1.10.1/stm32cubeide/plugins/com.st.stm32cube.ide.mcu.externaltools.gnu-tools-for-stm32.10.3-2021.10.win32_1.0.0.202111181127/tools/bin/../lib/gcc/arm-none-eabi/10.3.1/thumb/v7e-m+fp/hard\libgcc.a(_arm_fixunsdfsi.o)
 .text          0x0000000000000000       0x30 c:/st/stm32cubeide_1.10.1/stm32cubeide/plugins/com.st.stm32cube.ide.mcu.externaltools.gnu-tools-for-stm32.10.3-2021.10.win32_1.0.0.202111181127/tools/bin/../lib/gcc/arm-none-eabi/10.3.1/thumb/v7e-m+fp/hard\libgcc.a(_aeabi_uldivmod.o)
 .data          0x0000000000000000        0x0 c:/st/stm32cubeide_1.10.1/stm32cubeide/plugins/com.st.stm32cube.ide.mcu.externaltools.gnu-tools-for-stm32.10.3-2021.10.win32_1.0.0.202111181127/tools/bin/../lib/gcc/arm-none-eabi/10.3.1/thumb/v7e-m+fp/hard\libgcc.a(_aeabi_uldivmod.o)
 .bss           0x0000000000000000        0x0 c:/st/stm32cubeide_1.10.1/stm32cubeide/plugins/com.st.stm32cube.ide.mcu.externaltools.gnu-tools-for-stm32.10.3-2021.10.win32_1.0.0.202111181127/tools/bin/../lib/gcc/arm-none-eabi/10.3.1/thumb/v7e-m+fp/hard\libgcc.a(_aeabi_uldivmod.o)
 .debug_frame   0x0000000000000000       0x2c c:/st/stm32cubeide_1.10.1/stm32cubeide/plugins/com.st.stm32cube.ide.mcu.externaltools.gnu-tools-for-stm32.10.3-2021.10.win32_1.0.0.202111181127/tools/bin/../lib/gcc/arm-none-eabi/10.3.1/thumb/v7e-m+fp/hard\libgcc.a(_aeabi_uldivmod.o)
 .ARM.attributes
                0x0000000000000000       0x1e c:/st/stm32cubeide_1.10.1/stm32cubeide/plugins/com.st.stm32cube.ide.mcu.externaltools.gnu-tools-for-stm32.10.3-2021.10.win32_1.0.0.202111181127/tools/bin/../lib/gcc/arm-none-eabi/10.3.1/thumb/v7e-m+fp/hard\libgcc.a(_aeabi_uldivmod.o)
 .text          0x0000000000000000       0x40 c:/st/stm32cubeide_1.10.1/stm32cubeide/plugins/com.st.stm32cube.ide.mcu.externaltools.gnu-tools-for-stm32.10.3-2021.10.win32_1.0.0.202111181127/tools/bin/../lib/gcc/arm-none-eabi/10.3.1/thumb/v7e-m+fp/hard\libgcc.a(_fixunssfdi.o)
 .data          0x0000000000000000        0x0 c:/st/stm32cubeide_1.10.1/stm32cubeide/plugins/com.st.stm32cube.ide.mcu.externaltools.gnu-tools-for-stm32.10.3-2021.10.win32_1.0.0.202111181127/tools/bin/../lib/gcc/arm-none-eabi/10.3.1/thumb/v7e-m+fp/hard\libgcc.a(_fixunssfdi.o)
 .bss           0x0000000000000000        0x0 c:/st/stm32cubeide_1.10.1/stm32cubeide/plugins/com.st.stm32cube.ide.mcu.externaltools.gnu-tools-for-stm32.10.3-2021.10.win32_1.0.0.202111181127/tools/bin/../lib/gcc/arm-none-eabi/10.3.1/thumb/v7e-m+fp/hard\libgcc.a(_fixunssfdi.o)
 .debug_frame   0x0000000000000000       0x2c c:/st/stm32cubeide_1.10.1/stm32cubeide/plugins/com.st.stm32cube.ide.mcu.externaltools.gnu-tools-for-stm32.10.3-2021.10.win32_1.0.0.202111181127/tools/bin/../lib/gcc/arm-none-eabi/10.3.1/thumb/v7e-m+fp/hard\libgcc.a(_fixunssfdi.o)
 .ARM.attributes
                0x0000000000000000       0x34 c:/st/stm32cubeide_1.10.1/stm32cubeide/plugins/com.st.stm32cube.ide.mcu.externaltools.gnu-tools-for-stm32.10.3-2021.10.win32_1.0.0.202111181127/tools/bin/../lib/gcc/arm-none-eabi/10.3.1/thumb/v7e-m+fp/hard\libgcc.a(_fixunssfdi.o)
 .text          0x0000000000000000      0x2d0 c:/st/stm32cubeide_1.10.1/stm32cubeide/plugins/com.st.stm32cube.ide.mcu.externaltools.gnu-tools-for-stm32.10.3-2021.10.win32_1.0.0.202111181127/tools/bin/../lib/gcc/arm-none-eabi/10.3.1/thumb/v7e-m+fp/hard\libgcc.a(_udivmoddi4.o)
 .data          0x0000000000000000        0x0 c:/st/stm32cubeide_1.10.1/stm32cubeide/plugins/com.st.stm32cube.ide.mcu.externaltools.gnu-tools-for-stm32.10.3-2021.10.win32_1.0.0.202111181127/tools/bin/../lib/gcc/arm-none-eabi/10.3.1/thumb/v7e-m+fp/hard\libgcc.a(_udivmoddi4.o)
 .bss           0x0000000000000000        0x0 c:/st/stm32cubeide_1.10.1/stm32cubeide/plugins/com.st.stm32cube.ide.mcu.externaltools.gnu-tools-for-stm32.10.3-2021.10.win32_1.0.0.202111181127/tools/bin/../lib/gcc/arm-none-eabi/10.3.1/thumb/v7e-m+fp/hard\libgcc.a(_udivmoddi4.o)
 .ARM.extab     0x0000000000000000        0x0 c:/st/stm32cubeide_1.10.1/stm32cubeide/plugins/com.st.stm32cube.ide.mcu.externaltools.gnu-tools-for-stm32.10.3-2021.10.win32_1.0.0.202111181127/tools/bin/../lib/gcc/arm-none-eabi/10.3.1/thumb/v7e-m+fp/hard\libgcc.a(_udivmoddi4.o)
 .ARM.exidx     0x0000000000000000        0x8 c:/st/stm32cubeide_1.10.1/stm32cubeide/plugins/com.st.stm32cube.ide.mcu.externaltools.gnu-tools-for-stm32.10.3-2021.10.win32_1.0.0.202111181127/tools/bin/../lib/gcc/arm-none-eabi/10.3.1/thumb/v7e-m+fp/hard\libgcc.a(_udivmoddi4.o)
 .debug_frame   0x0000000000000000       0x34 c:/st/stm32cubeide_1.10.1/stm32cubeide/plugins/com.st.stm32cube.ide.mcu.externaltools.gnu-tools-for-stm32.10.3-2021.10.win32_1.0.0.202111181127/tools/bin/../lib/gcc/arm-none-eabi/10.3.1/thumb/v7e-m+fp/hard\libgcc.a(_udivmoddi4.o)
 .ARM.attributes
                0x0000000000000000       0x34 c:/st/stm32cubeide_1.10.1/stm32cubeide/plugins/com.st.stm32cube.ide.mcu.externaltools.gnu-tools-for-stm32.10.3-2021.10.win32_1.0.0.202111181127/tools/bin/../lib/gcc/arm-none-eabi/10.3.1/thumb/v7e-m+fp/hard\libgcc.a(_udivmoddi4.o)
 .text          0x0000000000000000        0x4 c:/st/stm32cubeide_1.10.1/stm32cubeide/plugins/com.st.stm32cube.ide.mcu.externaltools.gnu-tools-for-stm32.10.3-2021.10.win32_1.0.0.202111181127/tools/bin/../lib/gcc/arm-none-eabi/10.3.1/thumb/v7e-m+fp/hard\libgcc.a(_dvmd_tls.o)
 .data          0x0000000000000000        0x0 c:/st/stm32cubeide_1.10.1/stm32cubeide/plugins/com.st.stm32cube.ide.mcu.externaltools.gnu-tools-for-stm32.10.3-2021.10.win32_1.0.0.202111181127/tools/bin/../lib/gcc/arm-none-eabi/10.3.1/thumb/v7e-m+fp/hard\libgcc.a(_dvmd_tls.o)
 .bss           0x0000000000000000        0x0 c:/st/stm32cubeide_1.10.1/stm32cubeide/plugins/com.st.stm32cube.ide.mcu.externaltools.gnu-tools-for-stm32.10.3-2021.10.win32_1.0.0.202111181127/tools/bin/../lib/gcc/arm-none-eabi/10.3.1/thumb/v7e-m+fp/hard\libgcc.a(_dvmd_tls.o)
 .ARM.attributes
                0x0000000000000000       0x1e c:/st/stm32cubeide_1.10.1/stm32cubeide/plugins/com.st.stm32cube.ide.mcu.externaltools.gnu-tools-for-stm32.10.3-2021.10.win32_1.0.0.202111181127/tools/bin/../lib/gcc/arm-none-eabi/10.3.1/thumb/v7e-m+fp/hard\libgcc.a(_dvmd_tls.o)
 .text          0x0000000000000000        0x0 c:/st/stm32cubeide_1.10.1/stm32cubeide/plugins/com.st.stm32cube.ide.mcu.externaltools.gnu-tools-for-stm32.10.3-2021.10.win32_1.0.0.202111181127/tools/bin/../lib/gcc/arm-none-eabi/10.3.1/thumb/v7e-m+fp/hard/crtend.o
 .data          0x0000000000000000        0x0 c:/st/stm32cubeide_1.10.1/stm32cubeide/plugins/com.st.stm32cube.ide.mcu.externaltools.gnu-tools-for-stm32.10.3-2021.10.win32_1.0.0.202111181127/tools/bin/../lib/gcc/arm-none-eabi/10.3.1/thumb/v7e-m+fp/hard/crtend.o
 .bss           0x0000000000000000        0x0 c:/st/stm32cubeide_1.10.1/stm32cubeide/plugins/com.st.stm32cube.ide.mcu.externaltools.gnu-tools-for-stm32.10.3-2021.10.win32_1.0.0.202111181127/tools/bin/../lib/gcc/arm-none-eabi/10.3.1/thumb/v7e-m+fp/hard/crtend.o
 .rodata        0x0000000000000000       0x24 c:/st/stm32cubeide_1.10.1/stm32cubeide/plugins/com.st.stm32cube.ide.mcu.externaltools.gnu-tools-for-stm32.10.3-2021.10.win32_1.0.0.202111181127/tools/bin/../lib/gcc/arm-none-eabi/10.3.1/thumb/v7e-m+fp/hard/crtend.o
 .eh_frame      0x0000000000000000        0x4 c:/st/stm32cubeide_1.10.1/stm32cubeide/plugins/com.st.stm32cube.ide.mcu.externaltools.gnu-tools-for-stm32.10.3-2021.10.win32_1.0.0.202111181127/tools/bin/../lib/gcc/arm-none-eabi/10.3.1/thumb/v7e-m+fp/hard/crtend.o
 .ARM.attributes
                0x0000000000000000       0x34 c:/st/stm32cubeide_1.10.1/stm32cubeide/plugins/com.st.stm32cube.ide.mcu.externaltools.gnu-tools-for-stm32.10.3-2021.10.win32_1.0.0.202111181127/tools/bin/../lib/gcc/arm-none-eabi/10.3.1/thumb/v7e-m+fp/hard/crtend.o
 .text          0x0000000000000000        0x0 c:/st/stm32cubeide_1.10.1/stm32cubeide/plugins/com.st.stm32cube.ide.mcu.externaltools.gnu-tools-for-stm32.10.3-2021.10.win32_1.0.0.202111181127/tools/bin/../lib/gcc/arm-none-eabi/10.3.1/thumb/v7e-m+fp/hard/crtn.o
 .data          0x0000000000000000        0x0 c:/st/stm32cubeide_1.10.1/stm32cubeide/plugins/com.st.stm32cube.ide.mcu.externaltools.gnu-tools-for-stm32.10.3-2021.10.win32_1.0.0.202111181127/tools/bin/../lib/gcc/arm-none-eabi/10.3.1/thumb/v7e-m+fp/hard/crtn.o
 .bss           0x0000000000000000        0x0 c:/st/stm32cubeide_1.10.1/stm32cubeide/plugins/com.st.stm32cube.ide.mcu.externaltools.gnu-tools-for-stm32.10.3-2021.10.win32_1.0.0.202111181127/tools/bin/../lib/gcc/arm-none-eabi/10.3.1/thumb/v7e-m+fp/hard/crtn.o

Memory Configuration

Name             Origin             Length             Attributes
RAM              0x0000000020000000 0x0000000000018000 xrw
FLASH            0x0000000008000000 0x0000000000080000 xr
*default*        0x0000000000000000 0xffffffffffffffff

Linker script and memory map

LOAD c:/st/stm32cubeide_1.10.1/stm32cubeide/plugins/com.st.stm32cube.ide.mcu.externaltools.gnu-tools-for-stm32.10.3-2021.10.win32_1.0.0.202111181127/tools/bin/../lib/gcc/arm-none-eabi/10.3.1/thumb/v7e-m+fp/hard/crti.o
LOAD c:/st/stm32cubeide_1.10.1/stm32cubeide/plugins/com.st.stm32cube.ide.mcu.externaltools.gnu-tools-for-stm32.10.3-2021.10.win32_1.0.0.202111181127/tools/bin/../lib/gcc/arm-none-eabi/10.3.1/thumb/v7e-m+fp/hard/crtbegin.o
LOAD c:/st/stm32cubeide_1.10.1/stm32cubeide/plugins/com.st.stm32cube.ide.mcu.externaltools.gnu-tools-for-stm32.10.3-2021.10.win32_1.0.0.202111181127/tools/bin/../lib/gcc/arm-none-eabi/10.3.1/../../../../arm-none-eabi/lib/thumb/v7e-m+fp/hard/crt0.o
LOAD ./Inc/HALL/Keypad/Keypad_Prog.o
LOAD ./Inc/HALL/LCD/LCD_prog.o
LOAD ./Inc/HALL/LMARIX/LMATRIX_Prog.o
LOAD ./Inc/HALL/SSG/SSG_prog.o
LOAD ./Inc/HALL/TFT/TFT_Prog.o
LOAD ./Inc/LIB/02_Delay/Delay_Program.o
LOAD ./Inc/MCAL/GPIO/GPIO_prog.o
LOAD ./Inc/MCAL/RCC/RCC_prog.o
LOAD ./Inc/MCAL/SPI/SPI_prog.o
LOAD ./Src/main.o
LOAD ./Src/syscalls.o
LOAD ./Src/sysmem.o
LOAD ./Startup/startup_stm32f401vetx.o
START GROUP
LOAD c:/st/stm32cubeide_1.10.1/stm32cubeide/plugins/com.st.stm32cube.ide.mcu.externaltools.gnu-tools-for-stm32.10.3-2021.10.win32_1.0.0.202111181127/tools/bin/../lib/gcc/arm-none-eabi/10.3.1/../../../../arm-none-eabi/lib/thumb/v7e-m+fp/hard\libc_nano.a
LOAD c:/st/stm32cubeide_1.10.1/stm32cubeide/plugins/com.st.stm32cube.ide.mcu.externaltools.gnu-tools-for-stm32.10.3-2021.10.win32_1.0.0.202111181127/tools/bin/../lib/gcc/arm-none-eabi/10.3.1/../../../../arm-none-eabi/lib/thumb/v7e-m+fp/hard\libm.a
END GROUP
START GROUP
LOAD c:/st/stm32cubeide_1.10.1/stm32cubeide/plugins/com.st.stm32cube.ide.mcu.externaltools.gnu-tools-for-stm32.10.3-2021.10.win32_1.0.0.202111181127/tools/bin/../lib/gcc/arm-none-eabi/10.3.1/thumb/v7e-m+fp/hard\libgcc.a
LOAD c:/st/stm32cubeide_1.10.1/stm32cubeide/plugins/com.st.stm32cube.ide.mcu.externaltools.gnu-tools-for-stm32.10.3-2021.10.win32_1.0.0.202111181127/tools/bin/../lib/gcc/arm-none-eabi/10.3.1/../../../../arm-none-eabi/lib/thumb/v7e-m+fp/hard\libc_nano.a
END GROUP
START GROUP
LOAD c:/st/stm32cubeide_1.10.1/stm32cubeide/plugins/com.st.stm32cube.ide.mcu.externaltools.gnu-tools-for-stm32.10.3-2021.10.win32_1.0.0.202111181127/tools/bin/../lib/gcc/arm-none-eabi/10.3.1/thumb/v7e-m+fp/hard\libgcc.a
LOAD c:/st/stm32cubeide_1.10.1/stm32cubeide/plugins/com.st.stm32cube.ide.mcu.externaltools.gnu-tools-for-stm32.10.3-2021.10.win32_1.0.0.202111181127/tools/bin/../lib/gcc/arm-none-eabi/10.3.1/../../../../arm-none-eabi/lib/thumb/v7e-m+fp/hard\libc_nano.a
LOAD c:/st/stm32cubeide_1.10.1/stm32cubeide/plugins/com.st.stm32cube.ide.mcu.externaltools.gnu-tools-for-stm32.10.3-2021.10.win32_1.0.0.202111181127/tools/bin/../lib/gcc/arm-none-eabi/10.3.1/../../../../arm-none-eabi/lib/thumb/v7e-m+fp/hard\libnosys.a
END GROUP
START GROUP
LOAD c:/st/stm32cubeide_1.10.1/stm32cubeide/plugins/com.st.stm32cube.ide.mcu.externaltools.gnu-tools-for-stm32.10.3-2021.10.win32_1.0.0.202111181127/tools/bin/../lib/gcc/arm-none-eabi/10.3.1/thumb/v7e-m+fp/hard\libgcc.a
LOAD c:/st/stm32cubeide_1.10.1/stm32cubeide/plugins/com.st.stm32cube.ide.mcu.externaltools.gnu-tools-for-stm32.10.3-2021.10.win32_1.0.0.202111181127/tools/bin/../lib/gcc/arm-none-eabi/10.3.1/../../../../arm-none-eabi/lib/thumb/v7e-m+fp/hard\libc_nano.a
LOAD c:/st/stm32cubeide_1.10.1/stm32cubeide/plugins/com.st.stm32cube.ide.mcu.externaltools.gnu-tools-for-stm32.10.3-2021.10.win32_1.0.0.202111181127/tools/bin/../lib/gcc/arm-none-eabi/10.3.1/../../../../arm-none-eabi/lib/thumb/v7e-m+fp/hard\libnosys.a
END GROUP
LOAD c:/st/stm32cubeide_1.10.1/stm32cubeide/plugins/com.st.stm32cube.ide.mcu.externaltools.gnu-tools-for-stm32.10.3-2021.10.win32_1.0.0.202111181127/tools/bin/../lib/gcc/arm-none-eabi/10.3.1/thumb/v7e-m+fp/hard/crtend.o
LOAD c:/st/stm32cubeide_1.10.1/stm32cubeide/plugins/com.st.stm32cube.ide.mcu.externaltools.gnu-tools-for-stm32.10.3-2021.10.win32_1.0.0.202111181127/tools/bin/../lib/gcc/arm-none-eabi/10.3.1/thumb/v7e-m+fp/hard/crtn.o
                0x0000000020018000                _estack = (ORIGIN (RAM) + LENGTH (RAM))
                0x0000000000000200                _Min_Heap_Size = 0x200
                0x0000000000000400                _Min_Stack_Size = 0x400

.isr_vector     0x0000000008000000      0x194
                0x0000000008000000                . = ALIGN (0x4)
 *(.isr_vector)
 .isr_vector    0x0000000008000000      0x194 ./Startup/startup_stm32f401vetx.o
                0x0000000008000000                g_pfnVectors
                0x0000000008000194                . = ALIGN (0x4)

.text           0x0000000008000194     0x1354
                0x0000000008000194                . = ALIGN (0x4)
 *(.text)
 .text          0x0000000008000194       0x40 c:/st/stm32cubeide_1.10.1/stm32cubeide/plugins/com.st.stm32cube.ide.mcu.externaltools.gnu-tools-for-stm32.10.3-2021.10.win32_1.0.0.202111181127/tools/bin/../lib/gcc/arm-none-eabi/10.3.1/thumb/v7e-m+fp/hard/crtbegin.o
 .text          0x00000000080001d4      0x378 c:/st/stm32cubeide_1.10.1/stm32cubeide/plugins/com.st.stm32cube.ide.mcu.externaltools.gnu-tools-for-stm32.10.3-2021.10.win32_1.0.0.202111181127/tools/bin/../lib/gcc/arm-none-eabi/10.3.1/thumb/v7e-m+fp/hard\libgcc.a(_arm_addsubdf3.o)
                0x00000000080001d4                __aeabi_drsub
                0x00000000080001dc                __aeabi_dsub
                0x00000000080001dc                __subdf3
                0x00000000080001e0                __aeabi_dadd
                0x00000000080001e0                __adddf3
                0x0000000008000458                __floatunsidf
                0x0000000008000458                __aeabi_ui2d
                0x0000000008000478                __floatsidf
                0x0000000008000478                __aeabi_i2d
                0x000000000800049c                __aeabi_f2d
                0x000000000800049c                __extendsfdf2
                0x00000000080004e0                __floatundidf
                0x00000000080004e0                __aeabi_ul2d
                0x00000000080004f0                __floatdidf
                0x00000000080004f0                __aeabi_l2d
 .text          0x000000000800054c      0x424 c:/st/stm32cubeide_1.10.1/stm32cubeide/plugins/com.st.stm32cube.ide.mcu.externaltools.gnu-tools-for-stm32.10.3-2021.10.win32_1.0.0.202111181127/tools/bin/../lib/gcc/arm-none-eabi/10.3.1/thumb/v7e-m+fp/hard\libgcc.a(_arm_muldivdf3.o)
                0x000000000800054c                __aeabi_dmul
                0x000000000800054c                __muldf3
                0x00000000080007a0                __divdf3
                0x00000000080007a0                __aeabi_ddiv
 .text          0x0000000008000970       0x40 c:/st/stm32cubeide_1.10.1/stm32cubeide/plugins/com.st.stm32cube.ide.mcu.externaltools.gnu-tools-for-stm32.10.3-2021.10.win32_1.0.0.202111181127/tools/bin/../lib/gcc/arm-none-eabi/10.3.1/thumb/v7e-m+fp/hard\libgcc.a(_arm_fixunsdfsi.o)
                0x0000000008000970                __aeabi_d2uiz
                0x0000000008000970                __fixunsdfsi
 *(.text*)
 .text.HTFT_Void_SendCommand
                0x00000000080009b0       0x2c ./Inc/HALL/TFT/TFT_Prog.o
 .text.HTFT_Void_SendData
                0x00000000080009dc       0x2c ./Inc/HALL/TFT/TFT_Prog.o
 .text.HTFT_void_Init
                0x0000000008000a08       0xe4 ./Inc/HALL/TFT/TFT_Prog.o
                0x0000000008000a08                HTFT_void_Init
 .text.HTFT_void_DisplayImage
                0x0000000008000aec       0x9a ./Inc/HALL/TFT/TFT_Prog.o
                0x0000000008000aec                HTFT_void_DisplayImage
 .text.HTFT_void_DisplayLine
                0x0000000008000b86      0x16e ./Inc/HALL/TFT/TFT_Prog.o
                0x0000000008000b86                HTFT_void_DisplayLine
 .text.Delay_vMsIn16MHz
                0x0000000008000cf4       0x4c ./Inc/LIB/02_Delay/Delay_Program.o
                0x0000000008000cf4                Delay_vMsIn16MHz
 .text.Delay_vUsIn16MHzint
                0x0000000008000d40       0x38 ./Inc/LIB/02_Delay/Delay_Program.o
                0x0000000008000d40                Delay_vUsIn16MHzint
 .text.MGPIO_vSetPinMode
                0x0000000008000d78       0xf0 ./Inc/MCAL/GPIO/GPIO_prog.o
                0x0000000008000d78                MGPIO_vSetPinMode
 .text.MGPIO_vSetPinOutSpeed
                0x0000000008000e68       0xe0 ./Inc/MCAL/GPIO/GPIO_prog.o
                0x0000000008000e68                MGPIO_vSetPinOutSpeed
 .text.MGPIO_vSetPinAltFn
                0x0000000008000f48      0x1b8 ./Inc/MCAL/GPIO/GPIO_prog.o
                0x0000000008000f48                MGPIO_vSetPinAltFn
 .text.MGPIO_vWriteDataDIR
                0x0000000008001100      0x13c ./Inc/MCAL/GPIO/GPIO_prog.o
                0x0000000008001100                MGPIO_vWriteDataDIR
 .text.MRCC_vEnableClock
                0x000000000800123c       0x9c ./Inc/MCAL/RCC/RCC_prog.o
                0x000000000800123c                MRCC_vEnableClock
 .text.MRCC_vInitSystemCLK
                0x00000000080012d8       0x44 ./Inc/MCAL/RCC/RCC_prog.o
                0x00000000080012d8                MRCC_vInitSystemCLK
 .text.SPI_vInit
                0x000000000800131c       0xa0 ./Inc/MCAL/SPI/SPI_prog.o
                0x000000000800131c                SPI_vInit
 .text.SPI_u8SendRecive
                0x00000000080013bc       0x42 ./Inc/MCAL/SPI/SPI_prog.o
                0x00000000080013bc                SPI_u8SendRecive
 *fill*         0x00000000080013fe        0x2 
 .text.main     0x0000000008001400       0x34 ./Src/main.o
                0x0000000008001400                main
 .text.Reset_Handler
                0x0000000008001434       0x50 ./Startup/startup_stm32f401vetx.o
                0x0000000008001434                Reset_Handler
 .text.Default_Handler
                0x0000000008001484        0x2 ./Startup/startup_stm32f401vetx.o
                0x0000000008001484                EXTI2_IRQHandler
                0x0000000008001484                DebugMon_Handler
                0x0000000008001484                SPI4_IRQHandler
                0x0000000008001484                TIM1_CC_IRQHandler
                0x0000000008001484                HardFault_Handler
                0x0000000008001484                SysTick_Handler
                0x0000000008001484                SDIO_IRQHandler
                0x0000000008001484                TAMP_STAMP_IRQHandler
                0x0000000008001484                PendSV_Handler
                0x0000000008001484                NMI_Handler
                0x0000000008001484                EXTI3_IRQHandler
                0x0000000008001484                TIM1_UP_TIM10_IRQHandler
                0x0000000008001484                I2C3_ER_IRQHandler
                0x0000000008001484                EXTI18_OTG_FS_WKUP_IRQHandler
                0x0000000008001484                EXTI0_IRQHandler
                0x0000000008001484                I2C2_EV_IRQHandler
                0x0000000008001484                FPU_IRQHandler
                0x0000000008001484                UsageFault_Handler
                0x0000000008001484                SPI1_IRQHandler
                0x0000000008001484                TIM1_BRK_TIM9_IRQHandler
                0x0000000008001484                USART6_IRQHandler
                0x0000000008001484                TIM4_IRQHandler
                0x0000000008001484                I2C1_EV_IRQHandler
                0x0000000008001484                TIM3_IRQHandler
                0x0000000008001484                RCC_IRQHandler
                0x0000000008001484                Default_Handler
                0x0000000008001484                EXTI15_10_IRQHandler
                0x0000000008001484                ADC_IRQHandler
                0x0000000008001484                TIM5_IRQHandler
                0x0000000008001484                I2C3_EV_IRQHandler
                0x0000000008001484                EXTI9_5_IRQHandler
                0x0000000008001484                SPI2_IRQHandler
                0x0000000008001484                MemManage_Handler
                0x0000000008001484                SVC_Handler
                0x0000000008001484                EXTI4_IRQHandler
                0x0000000008001484                EXTI22_RTC_WKUP_IRQHandler
                0x0000000008001484                TIM2_IRQHandler
                0x0000000008001484                EXTI16_PVD_IRQHandler
                0x0000000008001484                TIM1_TRG_COM_TIM11_IRQHandler
                0x0000000008001484                EXTI1_IRQHandler
                0x0000000008001484                EXTI17_RTC_Alarm_IRQHandler
                0x0000000008001484                USART2_IRQHandler
                0x0000000008001484                I2C2_ER_IRQHandler
                0x0000000008001484                FLASH_IRQHandler
                0x0000000008001484                BusFault_Handler
                0x0000000008001484                USART1_IRQHandler
                0x0000000008001484                OTG_FS_IRQHandler
                0x0000000008001484                SPI3_IRQHandler
                0x0000000008001484                I2C1_ER_IRQHandler
 *fill*         0x0000000008001486        0x2 
 .text.__libc_init_array
                0x0000000008001488       0x48 c:/st/stm32cubeide_1.10.1/stm32cubeide/plugins/com.st.stm32cube.ide.mcu.externaltools.gnu-tools-for-stm32.10.3-2021.10.win32_1.0.0.202111181127/tools/bin/../lib/gcc/arm-none-eabi/10.3.1/../../../../arm-none-eabi/lib/thumb/v7e-m+fp/hard\libc_nano.a(lib_a-init.o)
                0x0000000008001488                __libc_init_array
 *(.glue_7)
 .glue_7        0x00000000080014d0        0x0 linker stubs
 *(.glue_7t)
 .glue_7t       0x00000000080014d0        0x0 linker stubs
 *(.eh_frame)
 .eh_frame      0x00000000080014d0        0x0 c:/st/stm32cubeide_1.10.1/stm32cubeide/plugins/com.st.stm32cube.ide.mcu.externaltools.gnu-tools-for-stm32.10.3-2021.10.win32_1.0.0.202111181127/tools/bin/../lib/gcc/arm-none-eabi/10.3.1/thumb/v7e-m+fp/hard/crtbegin.o
 *(.init)
 .init          0x00000000080014d0        0x4 c:/st/stm32cubeide_1.10.1/stm32cubeide/plugins/com.st.stm32cube.ide.mcu.externaltools.gnu-tools-for-stm32.10.3-2021.10.win32_1.0.0.202111181127/tools/bin/../lib/gcc/arm-none-eabi/10.3.1/thumb/v7e-m+fp/hard/crti.o
                0x00000000080014d0                _init
 .init          0x00000000080014d4        0x8 c:/st/stm32cubeide_1.10.1/stm32cubeide/plugins/com.st.stm32cube.ide.mcu.externaltools.gnu-tools-for-stm32.10.3-2021.10.win32_1.0.0.202111181127/tools/bin/../lib/gcc/arm-none-eabi/10.3.1/thumb/v7e-m+fp/hard/crtn.o
 *(.fini)
 .fini          0x00000000080014dc        0x4 c:/st/stm32cubeide_1.10.1/stm32cubeide/plugins/com.st.stm32cube.ide.mcu.externaltools.gnu-tools-for-stm32.10.3-2021.10.win32_1.0.0.202111181127/tools/bin/../lib/gcc/arm-none-eabi/10.3.1/thumb/v7e-m+fp/hard/crti.o
                0x00000000080014dc                _fini
 .fini          0x00000000080014e0        0x8 c:/st/stm32cubeide_1.10.1/stm32cubeide/plugins/com.st.stm32cube.ide.mcu.externaltools.gnu-tools-for-stm32.10.3-2021.10.win32_1.0.0.202111181127/tools/bin/../lib/gcc/arm-none-eabi/10.3.1/thumb/v7e-m+fp/hard/crtn.o
                0x00000000080014e8                . = ALIGN (0x4)
                0x00000000080014e8                _etext = .

.vfp11_veneer   0x00000000080014e8        0x0
 .vfp11_veneer  0x00000000080014e8        0x0 linker stubs

.v4_bx          0x00000000080014e8        0x0
 .v4_bx         0x00000000080014e8        0x0 linker stubs

.iplt           0x00000000080014e8        0x0
 .iplt          0x00000000080014e8        0x0 c:/st/stm32cubeide_1.10.1/stm32cubeide/plugins/com.st.stm32cube.ide.mcu.externaltools.gnu-tools-for-stm32.10.3-2021.10.win32_1.0.0.202111181127/tools/bin/../lib/gcc/arm-none-eabi/10.3.1/thumb/v7e-m+fp/hard/crtbegin.o

.rodata         0x00000000080014e8    0x25800
                0x00000000080014e8                . = ALIGN (0x4)
 *(.rodata)
 *(.rodata*)
 .rodata.Image  0x00000000080014e8    0x25800 ./Src/main.o
                0x00000000080014e8                Image
                0x0000000008026ce8                . = ALIGN (0x4)

.rel.dyn        0x0000000008026ce8        0x0
 .rel.iplt      0x0000000008026ce8        0x0 c:/st/stm32cubeide_1.10.1/stm32cubeide/plugins/com.st.stm32cube.ide.mcu.externaltools.gnu-tools-for-stm32.10.3-2021.10.win32_1.0.0.202111181127/tools/bin/../lib/gcc/arm-none-eabi/10.3.1/thumb/v7e-m+fp/hard/crtbegin.o

.ARM.extab      0x0000000008026ce8        0x0
                0x0000000008026ce8                . = ALIGN (0x4)
 *(.ARM.extab* .gnu.linkonce.armextab.*)
                0x0000000008026ce8                . = ALIGN (0x4)

.ARM            0x0000000008026ce8        0x0
                0x0000000008026ce8                . = ALIGN (0x4)
                0x0000000008026ce8                __exidx_start = .
 *(.ARM.exidx*)
                0x0000000008026ce8                __exidx_end = .
                0x0000000008026ce8                . = ALIGN (0x4)

.preinit_array  0x0000000008026ce8        0x0
                0x0000000008026ce8                . = ALIGN (0x4)
                0x0000000008026ce8                PROVIDE (__preinit_array_start = .)
 *(.preinit_array*)
                0x0000000008026ce8                PROVIDE (__preinit_array_end = .)
                0x0000000008026ce8                . = ALIGN (0x4)

.init_array     0x0000000008026ce8        0x4
                0x0000000008026ce8                . = ALIGN (0x4)
                0x0000000008026ce8                PROVIDE (__init_array_start = .)
 *(SORT_BY_NAME(.init_array.*))
 *(.init_array*)
 .init_array    0x0000000008026ce8        0x4 c:/st/stm32cubeide_1.10.1/stm32cubeide/plugins/com.st.stm32cube.ide.mcu.externaltools.gnu-tools-for-stm32.10.3-2021.10.win32_1.0.0.202111181127/tools/bin/../lib/gcc/arm-none-eabi/10.3.1/thumb/v7e-m+fp/hard/crtbegin.o
                0x0000000008026cec                PROVIDE (__init_array_end = .)
                0x0000000008026cec                . = ALIGN (0x4)

.fini_array     0x0000000008026cec        0x4
                0x0000000008026cec                . = ALIGN (0x4)
                [!provide]                        PROVIDE (__fini_array_start = .)
 *(SORT_BY_NAME(.fini_array.*))
 *(.fini_array*)
 .fini_array    0x0000000008026cec        0x4 c:/st/stm32cubeide_1.10.1/stm32cubeide/plugins/com.st.stm32cube.ide.mcu.externaltools.gnu-tools-for-stm32.10.3-2021.10.win32_1.0.0.202111181127/tools/bin/../lib/gcc/arm-none-eabi/10.3.1/thumb/v7e-m+fp/hard/crtbegin.o
                [!provide]                        PROVIDE (__fini_array_end = .)
                0x0000000008026cf0                . = ALIGN (0x4)
                0x0000000008026cf0                _sidata = LOADADDR (.data)

.data           0x0000000020000000        0x0 load address 0x0000000008026cf0
                0x0000000020000000                . = ALIGN (0x4)
                0x0000000020000000                _sdata = .
 *(.data)
 *(.data*)
 *(.RamFunc)
 *(.RamFunc*)
                0x0000000020000000                . = ALIGN (0x4)
                0x0000000020000000                _edata = .

.igot.plt       0x0000000020000000        0x0 load address 0x0000000008026cf0
 .igot.plt      0x0000000020000000        0x0 c:/st/stm32cubeide_1.10.1/stm32cubeide/plugins/com.st.stm32cube.ide.mcu.externaltools.gnu-tools-for-stm32.10.3-2021.10.win32_1.0.0.202111181127/tools/bin/../lib/gcc/arm-none-eabi/10.3.1/thumb/v7e-m+fp/hard/crtbegin.o
                0x0000000020000000                . = ALIGN (0x4)

.bss            0x0000000020000000       0x1c load address 0x0000000008026cf0
                0x0000000020000000                _sbss = .
                0x0000000020000000                __bss_start__ = _sbss
 *(.bss)
 .bss           0x0000000020000000       0x1c c:/st/stm32cubeide_1.10.1/stm32cubeide/plugins/com.st.stm32cube.ide.mcu.externaltools.gnu-tools-for-stm32.10.3-2021.10.win32_1.0.0.202111181127/tools/bin/../lib/gcc/arm-none-eabi/10.3.1/thumb/v7e-m+fp/hard/crtbegin.o
 *(.bss*)
 *(COMMON)
                0x000000002000001c                . = ALIGN (0x4)
                0x000000002000001c                _ebss = .
                0x000000002000001c                __bss_end__ = _ebss

._user_heap_stack
                0x000000002000001c      0x604 load address 0x0000000008026cf0
                0x0000000020000020                . = ALIGN (0x8)
 *fill*         0x000000002000001c        0x4 
                [!provide]                        PROVIDE (end = .)
                0x0000000020000020                PROVIDE (_end = .)
                0x0000000020000220                . = (. + _Min_Heap_Size)
 *fill*         0x0000000020000020      0x200 
                0x0000000020000620                . = (. + _Min_Stack_Size)
 *fill*         0x0000000020000220      0x400 
                0x0000000020000620                . = ALIGN (0x8)

/DISCARD/
 libc.a(*)
 libm.a(*)
 libgcc.a(*)

.ARM.attributes
                0x0000000000000000       0x30
 *(.ARM.attributes)
 .ARM.attributes
                0x0000000000000000       0x1e c:/st/stm32cubeide_1.10.1/stm32cubeide/plugins/com.st.stm32cube.ide.mcu.externaltools.gnu-tools-for-stm32.10.3-2021.10.win32_1.0.0.202111181127/tools/bin/../lib/gcc/arm-none-eabi/10.3.1/thumb/v7e-m+fp/hard/crti.o
 .ARM.attributes
                0x000000000000001e       0x34 c:/st/stm32cubeide_1.10.1/stm32cubeide/plugins/com.st.stm32cube.ide.mcu.externaltools.gnu-tools-for-stm32.10.3-2021.10.win32_1.0.0.202111181127/tools/bin/../lib/gcc/arm-none-eabi/10.3.1/thumb/v7e-m+fp/hard/crtbegin.o
 .ARM.attributes
                0x0000000000000052       0x34 ./Inc/HALL/TFT/TFT_Prog.o
 .ARM.attributes
                0x0000000000000086       0x34 ./Inc/LIB/02_Delay/Delay_Program.o
 .ARM.attributes
                0x00000000000000ba       0x34 ./Inc/MCAL/GPIO/GPIO_prog.o
 .ARM.attributes
                0x00000000000000ee       0x34 ./Inc/MCAL/RCC/RCC_prog.o
 .ARM.attributes
                0x0000000000000122       0x34 ./Inc/MCAL/SPI/SPI_prog.o
 .ARM.attributes
                0x0000000000000156       0x34 ./Src/main.o
 .ARM.attributes
                0x000000000000018a       0x21 ./Startup/startup_stm32f401vetx.o
 .ARM.attributes
                0x00000000000001ab       0x34 c:/st/stm32cubeide_1.10.1/stm32cubeide/plugins/com.st.stm32cube.ide.mcu.externaltools.gnu-tools-for-stm32.10.3-2021.10.win32_1.0.0.202111181127/tools/bin/../lib/gcc/arm-none-eabi/10.3.1/../../../../arm-none-eabi/lib/thumb/v7e-m+fp/hard\libc_nano.a(lib_a-init.o)
 .ARM.attributes
                0x00000000000001df       0x1e c:/st/stm32cubeide_1.10.1/stm32cubeide/plugins/com.st.stm32cube.ide.mcu.externaltools.gnu-tools-for-stm32.10.3-2021.10.win32_1.0.0.202111181127/tools/bin/../lib/gcc/arm-none-eabi/10.3.1/thumb/v7e-m+fp/hard\libgcc.a(_arm_addsubdf3.o)
 .ARM.attributes
                0x00000000000001fd       0x1e c:/st/stm32cubeide_1.10.1/stm32cubeide/plugins/com.st.stm32cube.ide.mcu.externaltools.gnu-tools-for-stm32.10.3-2021.10.win32_1.0.0.202111181127/tools/bin/../lib/gcc/arm-none-eabi/10.3.1/thumb/v7e-m+fp/hard\libgcc.a(_arm_muldivdf3.o)
 .ARM.attributes
                0x000000000000021b       0x1e c:/st/stm32cubeide_1.10.1/stm32cubeide/plugins/com.st.stm32cube.ide.mcu.externaltools.gnu-tools-for-stm32.10.3-2021.10.win32_1.0.0.202111181127/tools/bin/../lib/gcc/arm-none-eabi/10.3.1/thumb/v7e-m+fp/hard\libgcc.a(_arm_fixunsdfsi.o)
 .ARM.attributes
                0x0000000000000239       0x1e c:/st/stm32cubeide_1.10.1/stm32cubeide/plugins/com.st.stm32cube.ide.mcu.externaltools.gnu-tools-for-stm32.10.3-2021.10.win32_1.0.0.202111181127/tools/bin/../lib/gcc/arm-none-eabi/10.3.1/thumb/v7e-m+fp/hard/crtn.o
OUTPUT(TFT_Display.elf elf32-littlearm)
LOAD linker stubs
LOAD c:/st/stm32cubeide_1.10.1/stm32cubeide/plugins/com.st.stm32cube.ide.mcu.externaltools.gnu-tools-for-stm32.10.3-2021.10.win32_1.0.0.202111181127/tools/bin/../lib/gcc/arm-none-eabi/10.3.1/../../../../arm-none-eabi/lib/thumb/v7e-m+fp/hard\libc.a
LOAD c:/st/stm32cubeide_1.10.1/stm32cubeide/plugins/com.st.stm32cube.ide.mcu.externaltools.gnu-tools-for-stm32.10.3-2021.10.win32_1.0.0.202111181127/tools/bin/../lib/gcc/arm-none-eabi/10.3.1/../../../../arm-none-eabi/lib/thumb/v7e-m+fp/hard\libm.a
LOAD c:/st/stm32cubeide_1.10.1/stm32cubeide/plugins/com.st.stm32cube.ide.mcu.externaltools.gnu-tools-for-stm32.10.3-2021.10.win32_1.0.0.202111181127/tools/bin/../lib/gcc/arm-none-eabi/10.3.1/thumb/v7e-m+fp/hard\libgcc.a

.debug_info     0x0000000000000000     0x114a
 .debug_info    0x0000000000000000      0x482 ./Inc/HALL/TFT/TFT_Prog.o
 .debug_info    0x0000000000000482      0x105 ./Inc/LIB/02_Delay/Delay_Program.o
 .debug_info    0x0000000000000587      0x3c9 ./Inc/MCAL/GPIO/GPIO_prog.o
 .debug_info    0x0000000000000950      0x3c8 ./Inc/MCAL/RCC/RCC_prog.o
 .debug_info    0x0000000000000d18      0x2a3 ./Inc/MCAL/SPI/SPI_prog.o
 .debug_info    0x0000000000000fbb      0x16d ./Src/main.o
 .debug_info    0x0000000000001128       0x22 ./Startup/startup_stm32f401vetx.o

.debug_abbrev   0x0000000000000000      0x714
 .debug_abbrev  0x0000000000000000      0x1ef ./Inc/HALL/TFT/TFT_Prog.o
 .debug_abbrev  0x00000000000001ef       0x90 ./Inc/LIB/02_Delay/Delay_Program.o
 .debug_abbrev  0x000000000000027f      0x11b ./Inc/MCAL/GPIO/GPIO_prog.o
 .debug_abbrev  0x000000000000039a      0x134 ./Inc/MCAL/RCC/RCC_prog.o
 .debug_abbrev  0x00000000000004ce      0x14d ./Inc/MCAL/SPI/SPI_prog.o
 .debug_abbrev  0x000000000000061b       0xe7 ./Src/main.o
 .debug_abbrev  0x0000000000000702       0x12 ./Startup/startup_stm32f401vetx.o

.debug_aranges  0x0000000000000000      0x190
 .debug_aranges
                0x0000000000000000       0x40 ./Inc/HALL/TFT/TFT_Prog.o
 .debug_aranges
                0x0000000000000040       0x28 ./Inc/LIB/02_Delay/Delay_Program.o
 .debug_aranges
                0x0000000000000068       0x68 ./Inc/MCAL/GPIO/GPIO_prog.o
 .debug_aranges
                0x00000000000000d0       0x50 ./Inc/MCAL/RCC/RCC_prog.o
 .debug_aranges
                0x0000000000000120       0x28 ./Inc/MCAL/SPI/SPI_prog.o
 .debug_aranges
                0x0000000000000148       0x20 ./Src/main.o
 .debug_aranges
                0x0000000000000168       0x28 ./Startup/startup_stm32f401vetx.o

.debug_ranges   0x0000000000000000      0x128
 .debug_ranges  0x0000000000000000       0x30 ./Inc/HALL/TFT/TFT_Prog.o
 .debug_ranges  0x0000000000000030       0x18 ./Inc/LIB/02_Delay/Delay_Program.o
 .debug_ranges  0x0000000000000048       0x58 ./Inc/MCAL/GPIO/GPIO_prog.o
 .debug_ranges  0x00000000000000a0       0x40 ./Inc/MCAL/RCC/RCC_prog.o
 .debug_ranges  0x00000000000000e0       0x18 ./Inc/MCAL/SPI/SPI_prog.o
 .debug_ranges  0x00000000000000f8       0x10 ./Src/main.o
 .debug_ranges  0x0000000000000108       0x20 ./Startup/startup_stm32f401vetx.o

.debug_macro    0x0000000000000000      0xc7a
 .debug_macro   0x0000000000000000       0x79 ./Inc/HALL/TFT/TFT_Prog.o
 .debug_macro   0x0000000000000079      0x118 ./Inc/HALL/TFT/TFT_Prog.o
 .debug_macro   0x0000000000000191       0x1c ./Inc/HALL/TFT/TFT_Prog.o
 .debug_macro   0x00000000000001ad       0x34 ./Inc/HALL/TFT/TFT_Prog.o
 .debug_macro   0x00000000000001e1       0x1c ./Inc/HALL/TFT/TFT_Prog.o
 .debug_macro   0x00000000000001fd       0x2d ./Inc/LIB/02_Delay/Delay_Program.o
 .debug_macro   0x000000000000022a       0x45 ./Inc/MCAL/GPIO/GPIO_prog.o
 .debug_macro   0x000000000000026f       0x44 ./Inc/MCAL/RCC/RCC_prog.o
 .debug_macro   0x00000000000002b3       0x9a ./Inc/MCAL/RCC/RCC_prog.o
 .debug_macro   0x000000000000034d       0x1c ./Inc/MCAL/RCC/RCC_prog.o
 .debug_macro   0x0000000000000369      0x1a8 ./Inc/MCAL/RCC/RCC_prog.o
 .debug_macro   0x0000000000000511       0x44 ./Inc/MCAL/SPI/SPI_prog.o
 .debug_macro   0x0000000000000555      0x19e ./Inc/MCAL/SPI/SPI_prog.o
 .debug_macro   0x00000000000006f3      0x114 ./Src/main.o
 .debug_macro   0x0000000000000807       0x22 ./Src/main.o
 .debug_macro   0x0000000000000829       0x8e ./Src/main.o
 .debug_macro   0x00000000000008b7       0x51 ./Src/main.o
 .debug_macro   0x0000000000000908      0x103 ./Src/main.o
 .debug_macro   0x0000000000000a0b       0x6a ./Src/main.o
 .debug_macro   0x0000000000000a75      0x1df ./Src/main.o
 .debug_macro   0x0000000000000c54       0x16 ./Src/main.o
 .debug_macro   0x0000000000000c6a       0x10 ./Src/main.o

.debug_line     0x0000000000000000     0x1890
 .debug_line    0x0000000000000000      0x3d7 ./Inc/HALL/TFT/TFT_Prog.o
 .debug_line    0x00000000000003d7      0x17e ./Inc/LIB/02_Delay/Delay_Program.o
 .debug_line    0x0000000000000555      0x73b ./Inc/MCAL/GPIO/GPIO_prog.o
 .debug_line    0x0000000000000c90      0x246 ./Inc/MCAL/RCC/RCC_prog.o
 .debug_line    0x0000000000000ed6      0x1bf ./Inc/MCAL/SPI/SPI_prog.o
 .debug_line    0x0000000000001095      0x777 ./Src/main.o
 .debug_line    0x000000000000180c       0x84 ./Startup/startup_stm32f401vetx.o

.debug_str      0x0000000000000000     0x6c0f
 .debug_str     0x0000000000000000     0x4833 ./Inc/HALL/TFT/TFT_Prog.o
                                       0x48d4 (size before relaxing)
 .debug_str     0x0000000000004833       0x55 ./Inc/LIB/02_Delay/Delay_Program.o
                                       0x2eb9 (size before relaxing)
 .debug_str     0x0000000000004888      0x194 ./Inc/MCAL/GPIO/GPIO_prog.o
                                       0x442d (size before relaxing)
 .debug_str     0x0000000000004a1c      0xcb4 ./Inc/MCAL/RCC/RCC_prog.o
                                       0x3af2 (size before relaxing)
 .debug_str     0x00000000000056d0      0x67a ./Inc/MCAL/SPI/SPI_prog.o
                                       0x3858 (size before relaxing)
 .debug_str     0x0000000000005d4a      0xe94 ./Src/main.o
                                       0x5fe1 (size before relaxing)
 .debug_str     0x0000000000006bde       0x31 ./Startup/startup_stm32f401vetx.o
                                         0x69 (size before relaxing)

.comment        0x0000000000000000       0x50
 .comment       0x0000000000000000       0x50 ./Inc/HALL/TFT/TFT_Prog.o
                                         0x51 (size before relaxing)
 .comment       0x0000000000000050       0x51 ./Inc/LIB/02_Delay/Delay_Program.o
 .comment       0x0000000000000050       0x51 ./Inc/MCAL/GPIO/GPIO_prog.o
 .comment       0x0000000000000050       0x51 ./Inc/MCAL/RCC/RCC_prog.o
 .comment       0x0000000000000050       0x51 ./Inc/MCAL/SPI/SPI_prog.o
 .comment       0x0000000000000050       0x51 ./Src/main.o

.debug_frame    0x0000000000000000      0x5a0
 .debug_frame   0x0000000000000000       0xc0 ./Inc/HALL/TFT/TFT_Prog.o
 .debug_frame   0x00000000000000c0       0x60 ./Inc/LIB/02_Delay/Delay_Program.o
 .debug_frame   0x0000000000000120      0x1a0 ./Inc/MCAL/GPIO/GPIO_prog.o
 .debug_frame   0x00000000000002c0      0x110 ./Inc/MCAL/RCC/RCC_prog.o
 .debug_frame   0x00000000000003d0       0x58 ./Inc/MCAL/SPI/SPI_prog.o
 .debug_frame   0x0000000000000428       0x2c ./Src/main.o
 .debug_frame   0x0000000000000454       0x2c c:/st/stm32cubeide_1.10.1/stm32cubeide/plugins/com.st.stm32cube.ide.mcu.externaltools.gnu-tools-for-stm32.10.3-2021.10.win32_1.0.0.202111181127/tools/bin/../lib/gcc/arm-none-eabi/10.3.1/../../../../arm-none-eabi/lib/thumb/v7e-m+fp/hard\libc_nano.a(lib_a-init.o)
 .debug_frame   0x0000000000000480       0xac c:/st/stm32cubeide_1.10.1/stm32cubeide/plugins/com.st.stm32cube.ide.mcu.externaltools.gnu-tools-for-stm32.10.3-2021.10.win32_1.0.0.202111181127/tools/bin/../lib/gcc/arm-none-eabi/10.3.1/thumb/v7e-m+fp/hard\libgcc.a(_arm_addsubdf3.o)
 .debug_frame   0x000000000000052c       0x50 c:/st/stm32cubeide_1.10.1/stm32cubeide/plugins/com.st.stm32cube.ide.mcu.externaltools.gnu-tools-for-stm32.10.3-2021.10.win32_1.0.0.202111181127/tools/bin/../lib/gcc/arm-none-eabi/10.3.1/thumb/v7e-m+fp/hard\libgcc.a(_arm_muldivdf3.o)
 .debug_frame   0x000000000000057c       0x24 c:/st/stm32cubeide_1.10.1/stm32cubeide/plugins/com.st.stm32cube.ide.mcu.externaltools.gnu-tools-for-stm32.10.3-2021.10.win32_1.0.0.202111181127/tools/bin/../lib/gcc/arm-none-eabi/10.3.1/thumb/v7e-m+fp/hard\libgcc.a(_arm_fixunsdfsi.o)
